Copyright 1986-2022 Xilinx, Inc. All Rights Reserved. Copyright 2022-2024 Advanced Micro Devices, Inc. All Rights Reserved.
---------------------------------------------------------------------------------------------------------------------------------------------
| Tool Version : Vivado v.2024.2 (win64) Build 5239630 Fri Nov 08 22:35:27 MST 2024
| Date         : Fri May  2 03:41:32 2025
| Host         : Lisa running 64-bit major release  (build 9200)
| Command      : report_utilization -file fpga_utilization_synth.rpt -pb fpga_utilization_synth.pb
| Design       : fpga
| Device       : xczu7ev-ffvc1156-2-e
| Speed File   : -2
| Design State : Synthesized
---------------------------------------------------------------------------------------------------------------------------------------------

Utilization Design Information

Table of Contents
-----------------
1. CLB Logic
1.1 Summary of Registers by Type
2. BLOCKRAM
3. ARITHMETIC
4. I/O
5. CLOCK
6. ADVANCED
7. CONFIGURATION
8. Primitives
9. Black Boxes
10. Instantiated Netlists

1. CLB Logic
------------

+----------------------------+------+-------+------------+-----------+-------+
|          Site Type         | Used | Fixed | Prohibited | Available | Util% |
+----------------------------+------+-------+------------+-----------+-------+
| CLB LUTs*                  | 3591 |     0 |          0 |    230400 |  1.56 |
|   LUT as Logic             | 3353 |     0 |          0 |    230400 |  1.46 |
|   LUT as Memory            |  238 |     0 |          0 |    101760 |  0.23 |
|     LUT as Distributed RAM |  216 |     0 |            |           |       |
|     LUT as Shift Register  |   22 |     0 |            |           |       |
| CLB Registers              | 3245 |     0 |          0 |    460800 |  0.70 |
|   Register as Flip Flop    | 3245 |     0 |          0 |    460800 |  0.70 |
|   Register as Latch        |    0 |     0 |          0 |    460800 |  0.00 |
| CARRY8                     |   28 |     0 |          0 |     28800 |  0.10 |
| F7 Muxes                   |    0 |     0 |          0 |    115200 |  0.00 |
| F8 Muxes                   |    0 |     0 |          0 |     57600 |  0.00 |
| F9 Muxes                   |    0 |     0 |          0 |     28800 |  0.00 |
+----------------------------+------+-------+------------+-----------+-------+
* Warning! The Final LUT count, after physical optimizations and full implementation, is typically lower. Run opt_design after synthesis, if not already completed, for a more realistic count.
Warning! LUT value is adjusted to account for LUT combining.
Warning! For any ECO changes, please run place_design if there are unplaced instances


1.1 Summary of Registers by Type
--------------------------------

+-------+--------------+-------------+--------------+
| Total | Clock Enable | Synchronous | Asynchronous |
+-------+--------------+-------------+--------------+
| 0     |            _ |           - |            - |
| 0     |            _ |           - |          Set |
| 0     |            _ |           - |        Reset |
| 0     |            _ |         Set |            - |
| 0     |            _ |       Reset |            - |
| 0     |          Yes |           - |            - |
| 92    |          Yes |           - |          Set |
| 0     |          Yes |           - |        Reset |
| 145   |          Yes |         Set |            - |
| 3008  |          Yes |       Reset |            - |
+-------+--------------+-------------+--------------+


2. BLOCKRAM
-----------

+-------------------+------+-------+------------+-----------+-------+
|     Site Type     | Used | Fixed | Prohibited | Available | Util% |
+-------------------+------+-------+------------+-----------+-------+
| Block RAM Tile    |   23 |     0 |          0 |       312 |  7.37 |
|   RAMB36/FIFO*    |   22 |     0 |          0 |       312 |  7.05 |
|     RAMB36E2 only |   22 |       |            |           |       |
|   RAMB18          |    2 |     0 |          0 |       624 |  0.32 |
|     RAMB18E2 only |    2 |       |            |           |       |
| URAM              |    0 |     0 |          0 |        96 |  0.00 |
+-------------------+------+-------+------------+-----------+-------+
* Note: Each Block RAM Tile only has one FIFO logic available and therefore can accommodate only one FIFO36E2 or one FIFO18E2. However, if a FIFO18E2 occupies a Block RAM Tile, that tile can still accommodate a RAMB18E2


3. ARITHMETIC
-------------

+-----------+------+-------+------------+-----------+-------+
| Site Type | Used | Fixed | Prohibited | Available | Util% |
+-----------+------+-------+------------+-----------+-------+
| DSPs      |    0 |     0 |          0 |      1728 |  0.00 |
+-----------+------+-------+------------+-----------+-------+


4. I/O
------

+------------+------+-------+------------+-----------+-------+
|  Site Type | Used | Fixed | Prohibited | Available | Util% |
+------------+------+-------+------------+-----------+-------+
| Bonded IOB |   25 |     0 |          0 |       360 |  6.94 |
+------------+------+-------+------------+-----------+-------+


5. CLOCK
--------

+------------+------+-------+------------+-----------+-------+
|  Site Type | Used | Fixed | Prohibited | Available | Util% |
+------------+------+-------+------------+-----------+-------+
| BUFGCE     |    2 |     0 |          0 |       208 |  0.96 |
| BUFGCE_DIV |    0 |     0 |          0 |        32 |  0.00 |
| BUFG_GT    |    0 |     0 |          0 |       144 |  0.00 |
| BUFG_PS    |    0 |     0 |          0 |        96 |  0.00 |
| BUFGCTRL*  |    0 |     0 |          0 |        64 |  0.00 |
| PLL        |    0 |     0 |          0 |        16 |  0.00 |
| MMCM       |    1 |     0 |          0 |         8 | 12.50 |
+------------+------+-------+------------+-----------+-------+
* Note: Each used BUFGCTRL counts as two GLOBAL CLOCK BUFFERs. This table does not include global clocking resources, only buffer cell usage. See the Clock Utilization Report (report_clock_utilization) for detailed accounting of global clocking resource availability.


6. ADVANCED
-----------

+-----------------+------+-------+------------+-----------+-------+
|    Site Type    | Used | Fixed | Prohibited | Available | Util% |
+-----------------+------+-------+------------+-----------+-------+
| GTHE4_CHANNEL   |    0 |     0 |          0 |        20 |  0.00 |
| GTHE4_COMMON    |    0 |     0 |          0 |         5 |  0.00 |
| OBUFDS_GTE4     |    0 |     0 |          0 |        10 |  0.00 |
| OBUFDS_GTE4_ADV |    0 |     0 |          0 |        10 |  0.00 |
| PCIE40E4        |    0 |     0 |          0 |         2 |  0.00 |
| PS8             |    0 |     0 |          0 |         1 |  0.00 |
| SYSMONE4        |    0 |     0 |          0 |         1 |  0.00 |
| VCU             |    0 |     0 |          0 |         1 |  0.00 |
+-----------------+------+-------+------------+-----------+-------+


7. CONFIGURATION
----------------

+-------------+------+-------+------------+-----------+-------+
|  Site Type  | Used | Fixed | Prohibited | Available | Util% |
+-------------+------+-------+------------+-----------+-------+
| BSCANE2     |    0 |     0 |          0 |         4 |  0.00 |
| DNA_PORTE2  |    0 |     0 |          0 |         1 |  0.00 |
| EFUSE_USR   |    0 |     0 |          0 |         1 |  0.00 |
| FRAME_ECCE4 |    0 |     0 |          0 |         1 |  0.00 |
| ICAPE3      |    0 |     0 |          0 |         2 |  0.00 |
| MASTER_JTAG |    0 |     0 |          0 |         1 |  0.00 |
| STARTUPE3   |    0 |     0 |          0 |         1 |  0.00 |
+-------------+------+-------+------------+-----------+-------+


8. Primitives
-------------

+------------+------+---------------------+
|  Ref Name  | Used | Functional Category |
+------------+------+---------------------+
| FDRE       | 3008 |            Register |
| LUT6       | 1506 |                 CLB |
| LUT5       |  966 |                 CLB |
| LUT3       |  670 |                 CLB |
| LUT4       |  618 |                 CLB |
| LUT2       |  380 |                 CLB |
| FDSE       |  145 |            Register |
| RAMD32     |  112 |                 CLB |
| FDPE       |   92 |            Register |
| LUT1       |   89 |                 CLB |
| RAMD64E    |   88 |                 CLB |
| RAMS32     |   80 |                 CLB |
| CARRY8     |   28 |                 CLB |
| SRL16E     |   22 |                 CLB |
| RAMB36E2   |   22 |            BLOCKRAM |
| OBUF       |   12 |                 I/O |
| IBUFCTRL   |   12 |              Others |
| INBUF      |   11 |                 I/O |
| RAMB18E2   |    2 |            BLOCKRAM |
| BUFGCE     |    2 |               Clock |
| MMCME4_ADV |    1 |               Clock |
| DIFFINBUF  |    1 |                 I/O |
+------------+------+---------------------+


9. Black Boxes
--------------

+-----------------+------+
|     Ref Name    | Used |
+-----------------+------+
| basex_pcs_pma_1 |    1 |
| basex_pcs_pma_0 |    1 |
+-----------------+------+


10. Instantiated Netlists
-------------------------

+----------+------+
| Ref Name | Used |
+----------+------+


