Copyright 1986-2022 Xilinx, Inc. All Rights Reserved. Copyright 2022-2024 Advanced Micro Devices, Inc. All Rights Reserved.
---------------------------------------------------------------------------------------------------------------------------------------------
| Tool Version : Vivado v.2024.2 (win64) Build 5239630 Fri Nov 08 22:35:27 MST 2024
| Date         : Fri May  2 03:47:03 2025
| Host         : Lisa running 64-bit major release  (build 9200)
| Command      : report_utilization -hierarchical -file fpga_utilization_hierarchical.rpt
| Design       : fpga
| Device       : xczu7ev-ffvc1156-2-e
| Speed File   : -2
| Design State : Routed
---------------------------------------------------------------------------------------------------------------------------------------------

Utilization Design Information

Table of Contents
-----------------
1. Utilization by Hierarchy

1. Utilization by Hierarchy
---------------------------

+--------------------------------------------------------------------------------------------------------------------------------------------------+-------------------------------------------------------------------------+------------+------------+---------+------+------+--------+--------+------+------------+
|                                                                     Instance                                                                     |                                  Module                                 | Total LUTs | Logic LUTs | LUTRAMs | SRLs |  FFs | RAMB36 | RAMB18 | URAM | DSP Blocks |
+--------------------------------------------------------------------------------------------------------------------------------------------------+-------------------------------------------------------------------------+------------+------------+---------+------+------+--------+--------+------+------------+
| fpga                                                                                                                                             |                                                                   (top) |       4333 |       4107 |     184 |   42 | 5195 |     22 |      2 |    0 |          0 |
|   (fpga)                                                                                                                                         |                                                                   (top) |          0 |          0 |       0 |    0 |    0 |      0 |      0 |    0 |          0 |
|   core_inst                                                                                                                                      |                                                               fpga_core |       3417 |       3211 |     184 |   22 | 3155 |     22 |      2 |    0 |          0 |
|     (core_inst)                                                                                                                                  |                                                               fpga_core |          6 |          6 |       0 |    0 |    0 |      0 |      0 |    0 |          0 |
|     sfp_mac.sfp0_eth_mac_inst                                                                                                                    |                                                    taxi_eth_mac_1g_fifo |       1059 |       1000 |      48 |   11 | 1120 |      8 |      0 |    0 |          0 |
|       eth_mac_1g_inst                                                                                                                            |                                                         taxi_eth_mac_1g |        828 |        769 |      48 |   11 |  808 |      0 |      0 |    0 |          0 |
|         (eth_mac_1g_inst)                                                                                                                        |                                                         taxi_eth_mac_1g |         72 |         72 |       0 |    0 |    0 |      0 |      0 |    0 |          0 |
|         axis_gmii_rx_inst                                                                                                                        |                                                    taxi_axis_gmii_rx_21 |        118 |        109 |       0 |    9 |  125 |      0 |      0 |    0 |          0 |
|           (axis_gmii_rx_inst)                                                                                                                    |                                                    taxi_axis_gmii_rx_21 |         86 |         77 |       0 |    9 |  125 |      0 |      0 |    0 |          0 |
|           eth_crc_8                                                                                                                              |                                                            taxi_lfsr_30 |         33 |         33 |       0 |    0 |    0 |      0 |      0 |    0 |          0 |
|         axis_gmii_tx_inst                                                                                                                        |                                                    taxi_axis_gmii_tx_22 |        160 |        160 |       0 |    0 |  127 |      0 |      0 |    0 |          0 |
|           (axis_gmii_tx_inst)                                                                                                                    |                                                    taxi_axis_gmii_tx_22 |        127 |        127 |       0 |    0 |  127 |      0 |      0 |    0 |          0 |
|           eth_crc_8                                                                                                                              |                                                            taxi_lfsr_29 |         33 |         33 |       0 |    0 |    0 |      0 |      0 |    0 |          0 |
|         stats.mac_stats_inst                                                                                                                     |                                                      taxi_eth_mac_stats |        478 |        428 |      48 |    2 |  556 |      0 |      0 |    0 |          0 |
|           (stats.mac_stats_inst)                                                                                                                 |                                                      taxi_eth_mac_stats |          4 |          4 |       0 |    0 |    0 |      0 |      0 |    0 |          0 |
|           rx_stat_fifo                                                                                                                           |                                         taxi_axis_async_fifo__xdcDup__1 |         27 |         11 |      16 |    0 |   78 |      0 |      0 |    0 |          0 |
|             (rx_stat_fifo)                                                                                                                       |                                         taxi_axis_async_fifo__xdcDup__1 |         25 |          9 |      16 |    0 |   70 |      0 |      0 |    0 |          0 |
|             m_reset_sync_inst                                                                                                                    |                                                      taxi_sync_reset_27 |          0 |          0 |       0 |    0 |    4 |      0 |      0 |    0 |          0 |
|             s_reset_sync_inst                                                                                                                    |                                                      taxi_sync_reset_28 |          2 |          2 |       0 |    0 |    4 |      0 |      0 |    0 |          0 |
|           rx_stats_inst                                                                                                                          |                                      taxi_stats_collect__parameterized0 |        217 |        208 |       8 |    1 |  158 |      0 |      0 |    0 |          0 |
|           stat_mux_inst                                                                                                                          |                                                    taxi_axis_arb_mux_23 |          5 |          5 |       0 |    0 |   99 |      0 |      0 |    0 |          0 |
|             (stat_mux_inst)                                                                                                                      |                                                    taxi_axis_arb_mux_23 |          0 |          0 |       0 |    0 |   95 |      0 |      0 |    0 |          0 |
|             arb_inst                                                                                                                             |                                                         taxi_arbiter_26 |          5 |          5 |       0 |    0 |    4 |      0 |      0 |    0 |          0 |
|           tx_stat_fifo                                                                                                                           |                                         taxi_axis_async_fifo__xdcDup__2 |         26 |         10 |      16 |    0 |   76 |      0 |      0 |    0 |          0 |
|             (tx_stat_fifo)                                                                                                                       |                                         taxi_axis_async_fifo__xdcDup__2 |         25 |          9 |      16 |    0 |   68 |      0 |      0 |    0 |          0 |
|             m_reset_sync_inst                                                                                                                    |                                                      taxi_sync_reset_24 |          0 |          0 |       0 |    0 |    4 |      0 |      0 |    0 |          0 |
|             s_reset_sync_inst                                                                                                                    |                                                      taxi_sync_reset_25 |          1 |          1 |       0 |    0 |    4 |      0 |      0 |    0 |          0 |
|           tx_stats_inst                                                                                                                          |                                                      taxi_stats_collect |        199 |        190 |       8 |    1 |  145 |      0 |      0 |    0 |          0 |
|       rx_fifo                                                                                                                                    |                 taxi_axis_async_fifo_adapter__parameterized0__xdcDup__1 |        125 |        125 |       0 |    0 |  157 |      4 |      0 |    0 |          0 |
|         fifo_inst                                                                                                                                |                         taxi_axis_async_fifo__parameterized3__xdcDup__1 |        125 |        125 |       0 |    0 |  157 |      4 |      0 |    0 |          0 |
|           (fifo_inst)                                                                                                                            |                         taxi_axis_async_fifo__parameterized3__xdcDup__1 |        117 |        117 |       0 |    0 |  149 |      4 |      0 |    0 |          0 |
|           m_reset_sync_inst                                                                                                                      |                                                      taxi_sync_reset_19 |          1 |          1 |       0 |    0 |    4 |      0 |      0 |    0 |          0 |
|           s_reset_sync_inst                                                                                                                      |                                                      taxi_sync_reset_20 |          7 |          7 |       0 |    0 |    4 |      0 |      0 |    0 |          0 |
|       tx_fifo                                                                                                                                    |                                 taxi_axis_async_fifo_adapter__xdcDup__1 |        107 |        107 |       0 |    0 |  155 |      4 |      0 |    0 |          0 |
|         fifo_inst                                                                                                                                |                         taxi_axis_async_fifo__parameterized1__xdcDup__1 |        107 |        107 |       0 |    0 |  155 |      4 |      0 |    0 |          0 |
|           (fifo_inst)                                                                                                                            |                         taxi_axis_async_fifo__parameterized1__xdcDup__1 |         79 |         79 |       0 |    0 |  147 |      4 |      0 |    0 |          0 |
|           m_reset_sync_inst                                                                                                                      |                                                      taxi_sync_reset_15 |          3 |          3 |       0 |    0 |    4 |      0 |      0 |    0 |          0 |
|           s_reset_sync_inst                                                                                                                      |                                                      taxi_sync_reset_16 |         26 |         26 |       0 |    0 |    4 |      0 |      0 |    0 |          0 |
|     sfp_mac.sfp1_eth_mac_inst                                                                                                                    |                                    taxi_eth_mac_1g_fifo__parameterized0 |       1054 |        995 |      48 |   11 | 1125 |      8 |      0 |    0 |          0 |
|       eth_mac_1g_inst                                                                                                                            |                                         taxi_eth_mac_1g__parameterized0 |        824 |        765 |      48 |   11 |  813 |      0 |      0 |    0 |          0 |
|         (eth_mac_1g_inst)                                                                                                                        |                                         taxi_eth_mac_1g__parameterized0 |         71 |         71 |       0 |    0 |    0 |      0 |      0 |    0 |          0 |
|         axis_gmii_rx_inst                                                                                                                        |                                                       taxi_axis_gmii_rx |        118 |        109 |       0 |    9 |  125 |      0 |      0 |    0 |          0 |
|           (axis_gmii_rx_inst)                                                                                                                    |                                                       taxi_axis_gmii_rx |         86 |         77 |       0 |    9 |  125 |      0 |      0 |    0 |          0 |
|           eth_crc_8                                                                                                                              |                                                            taxi_lfsr_14 |         33 |         33 |       0 |    0 |    0 |      0 |      0 |    0 |          0 |
|         axis_gmii_tx_inst                                                                                                                        |                                                       taxi_axis_gmii_tx |        160 |        160 |       0 |    0 |  127 |      0 |      0 |    0 |          0 |
|           (axis_gmii_tx_inst)                                                                                                                    |                                                       taxi_axis_gmii_tx |        127 |        127 |       0 |    0 |  127 |      0 |      0 |    0 |          0 |
|           eth_crc_8                                                                                                                              |                                                               taxi_lfsr |         33 |         33 |       0 |    0 |    0 |      0 |      0 |    0 |          0 |
|         stats.mac_stats_inst                                                                                                                     |                                      taxi_eth_mac_stats__parameterized0 |        476 |        426 |      48 |    2 |  561 |      0 |      0 |    0 |          0 |
|           (stats.mac_stats_inst)                                                                                                                 |                                      taxi_eth_mac_stats__parameterized0 |          4 |          4 |       0 |    0 |    0 |      0 |      0 |    0 |          0 |
|           rx_stat_fifo                                                                                                                           |                                         taxi_axis_async_fifo__xdcDup__3 |         27 |         11 |      16 |    0 |   78 |      0 |      0 |    0 |          0 |
|             (rx_stat_fifo)                                                                                                                       |                                         taxi_axis_async_fifo__xdcDup__3 |         25 |          9 |      16 |    0 |   70 |      0 |      0 |    0 |          0 |
|             m_reset_sync_inst                                                                                                                    |                                                      taxi_sync_reset_12 |          0 |          0 |       0 |    0 |    4 |      0 |      0 |    0 |          0 |
|             s_reset_sync_inst                                                                                                                    |                                                      taxi_sync_reset_13 |          2 |          2 |       0 |    0 |    4 |      0 |      0 |    0 |          0 |
|           rx_stats_inst                                                                                                                          |                                      taxi_stats_collect__parameterized2 |        218 |        209 |       8 |    1 |  158 |      0 |      0 |    0 |          0 |
|           stat_mux_inst                                                                                                                          |                                                     taxi_axis_arb_mux_8 |          5 |          5 |       0 |    0 |  101 |      0 |      0 |    0 |          0 |
|             (stat_mux_inst)                                                                                                                      |                                                     taxi_axis_arb_mux_8 |          0 |          0 |       0 |    0 |   97 |      0 |      0 |    0 |          0 |
|             arb_inst                                                                                                                             |                                                         taxi_arbiter_11 |          5 |          5 |       0 |    0 |    4 |      0 |      0 |    0 |          0 |
|           tx_stat_fifo                                                                                                                           |                                                    taxi_axis_async_fifo |         26 |         10 |      16 |    0 |   78 |      0 |      0 |    0 |          0 |
|             (tx_stat_fifo)                                                                                                                       |                                                    taxi_axis_async_fifo |         25 |          9 |      16 |    0 |   70 |      0 |      0 |    0 |          0 |
|             m_reset_sync_inst                                                                                                                    |                                                       taxi_sync_reset_9 |          0 |          0 |       0 |    0 |    4 |      0 |      0 |    0 |          0 |
|             s_reset_sync_inst                                                                                                                    |                                                      taxi_sync_reset_10 |          1 |          1 |       0 |    0 |    4 |      0 |      0 |    0 |          0 |
|           tx_stats_inst                                                                                                                          |                                      taxi_stats_collect__parameterized1 |        196 |        187 |       8 |    1 |  146 |      0 |      0 |    0 |          0 |
|       rx_fifo                                                                                                                                    |                            taxi_axis_async_fifo_adapter__parameterized0 |        123 |        123 |       0 |    0 |  157 |      4 |      0 |    0 |          0 |
|         fifo_inst                                                                                                                                |                                    taxi_axis_async_fifo__parameterized3 |        123 |        123 |       0 |    0 |  157 |      4 |      0 |    0 |          0 |
|           (fifo_inst)                                                                                                                            |                                    taxi_axis_async_fifo__parameterized3 |        115 |        115 |       0 |    0 |  149 |      4 |      0 |    0 |          0 |
|           m_reset_sync_inst                                                                                                                      |                                                       taxi_sync_reset_6 |          1 |          1 |       0 |    0 |    4 |      0 |      0 |    0 |          0 |
|           s_reset_sync_inst                                                                                                                      |                                                       taxi_sync_reset_7 |          7 |          7 |       0 |    0 |    4 |      0 |      0 |    0 |          0 |
|       tx_fifo                                                                                                                                    |                                            taxi_axis_async_fifo_adapter |        108 |        108 |       0 |    0 |  155 |      4 |      0 |    0 |          0 |
|         fifo_inst                                                                                                                                |                                    taxi_axis_async_fifo__parameterized1 |        108 |        108 |       0 |    0 |  155 |      4 |      0 |    0 |          0 |
|           (fifo_inst)                                                                                                                            |                                    taxi_axis_async_fifo__parameterized1 |         80 |         80 |       0 |    0 |  147 |      4 |      0 |    0 |          0 |
|           m_reset_sync_inst                                                                                                                      |                                                       taxi_sync_reset_2 |          3 |          3 |       0 |    0 |    4 |      0 |      0 |    0 |          0 |
|           s_reset_sync_inst                                                                                                                      |                                                       taxi_sync_reset_3 |         26 |         26 |       0 |    0 |    4 |      0 |      0 |    0 |          0 |
|     stat_mux_inst                                                                                                                                |                                                       taxi_axis_arb_mux |         50 |         50 |       0 |    0 |  101 |      0 |      0 |    0 |          0 |
|       (stat_mux_inst)                                                                                                                            |                                                       taxi_axis_arb_mux |         16 |         16 |       0 |    0 |   97 |      0 |      0 |    0 |          0 |
|       arb_inst                                                                                                                                   |                                                            taxi_arbiter |         34 |         34 |       0 |    0 |    4 |      0 |      0 |    0 |          0 |
|     xfcp_if_uart_inst                                                                                                                            |                                                       taxi_xfcp_if_uart |        398 |        310 |      88 |    0 |  271 |      0 |      2 |    0 |          0 |
|       (xfcp_if_uart_inst)                                                                                                                        |                                                       taxi_xfcp_if_uart |          0 |          0 |       0 |    0 |    0 |      0 |      0 |    0 |          0 |
|       cobs_decode_inst                                                                                                                           |                                                   taxi_axis_cobs_decode |         24 |         24 |       0 |    0 |   33 |      0 |      0 |    0 |          0 |
|       cobs_encode_inst                                                                                                                           |                                                   taxi_axis_cobs_encode |        226 |        138 |      88 |    0 |  113 |      0 |      0 |    0 |          0 |
|         (cobs_encode_inst)                                                                                                                       |                                                   taxi_axis_cobs_encode |         12 |         12 |       0 |    0 |   39 |      0 |      0 |    0 |          0 |
|         code_fifo_inst                                                                                                                           |                                                          taxi_axis_fifo |        119 |         71 |      48 |    0 |   38 |      0 |      0 |    0 |          0 |
|         data_fifo_inst                                                                                                                           |                                          taxi_axis_fifo__parameterized0 |         96 |         56 |      40 |    0 |   36 |      0 |      0 |    0 |          0 |
|       rx_fifo_inst                                                                                                                               |                                          taxi_axis_fifo__parameterized2 |         49 |         49 |       0 |    0 |   33 |      0 |      1 |    0 |          0 |
|       tx_fifo_inst                                                                                                                               |                                          taxi_axis_fifo__parameterized1 |         48 |         48 |       0 |    0 |   33 |      0 |      1 |    0 |          0 |
|       uart_inst                                                                                                                                  |                                                               taxi_uart |         52 |         52 |       0 |    0 |   59 |      0 |      0 |    0 |          0 |
|         uart_brg_inst                                                                                                                            |                                                           taxi_uart_brg |         19 |         19 |       0 |    0 |   17 |      0 |      0 |    0 |          0 |
|         uart_rx_inst                                                                                                                             |                                                            taxi_uart_rx |         16 |         16 |       0 |    0 |   24 |      0 |      0 |    0 |          0 |
|         uart_tx_inst                                                                                                                             |                                                            taxi_uart_tx |         17 |         17 |       0 |    0 |   18 |      0 |      0 |    0 |          0 |
|     xfcp_stats_inst                                                                                                                              |                                                     taxi_xfcp_mod_stats |        754 |        754 |       0 |    0 |  460 |      6 |      0 |    0 |          0 |
|       stats_counter_inst                                                                                                                         |                                                      taxi_stats_counter |        112 |        112 |       0 |    0 |  106 |      2 |      0 |    0 |          0 |
|       stats_strings_inst                                                                                                                         |                                                 taxi_stats_strings_full |         53 |         53 |       0 |    0 |   52 |      4 |      0 |    0 |          0 |
|       xfcp_mod_axil_inst                                                                                                                         |                                                      taxi_xfcp_mod_axil |        238 |        238 |       0 |    0 |  110 |      0 |      0 |    0 |          0 |
|       xfcp_mod_axil_inst__0                                                                                                                      |                                      taxi_xfcp_mod_axil__parameterized0 |        222 |        222 |       0 |    0 |  109 |      0 |      0 |    0 |          0 |
|       xfcp_sw_inst                                                                                                                               |                                        taxi_xfcp_switch__parameterized0 |        131 |        131 |       0 |    0 |   83 |      0 |      0 |    0 |          0 |
|         (xfcp_sw_inst)                                                                                                                           |                                        taxi_xfcp_switch__parameterized0 |         94 |         94 |       0 |    0 |   75 |      0 |      0 |    0 |          0 |
|         arb_inst                                                                                                                                 |                                            taxi_arbiter__parameterized1 |         38 |         38 |       0 |    0 |    8 |      0 |      0 |    0 |          0 |
|     xfcp_sw_inst                                                                                                                                 |                                                        taxi_xfcp_switch |        101 |        101 |       0 |    0 |   78 |      0 |      0 |    0 |          0 |
|       (xfcp_sw_inst)                                                                                                                             |                                                        taxi_xfcp_switch |         61 |         61 |       0 |    0 |   74 |      0 |      0 |    0 |          0 |
|       arb_inst                                                                                                                                   |                                            taxi_arbiter__parameterized0 |         41 |         41 |       0 |    0 |    4 |      0 |      0 |    0 |          0 |
|   debounce_switch_inst                                                                                                                           |                                                    taxi_debounce_switch |         49 |         49 |       0 |    0 |   58 |      0 |      0 |    0 |          0 |
|   sfp_phy.sfp0_pcspma                                                                                                                            |                                                         basex_pcs_pma_0 |        429 |        419 |       0 |   10 |  986 |      0 |      0 |    0 |          0 |
|     (sfp_phy.sfp0_pcspma)                                                                                                                        |                                                         basex_pcs_pma_0 |          0 |          0 |       0 |    0 |    0 |      0 |      0 |    0 |          0 |
|     inst                                                                                                                                         |                                                 basex_pcs_pma_0_support |        429 |        419 |       0 |   10 |  986 |      0 |      0 |    0 |          0 |
|       core_clocking_i                                                                                                                            |                                                basex_pcs_pma_0_clocking |          0 |          0 |       0 |    0 |    0 |      0 |      0 |    0 |          0 |
|       core_resets_i                                                                                                                              |                                                  basex_pcs_pma_0_resets |          0 |          0 |       0 |    0 |    4 |      0 |      0 |    0 |          0 |
|       pcs_pma_block_i                                                                                                                            |                                                   basex_pcs_pma_0_block |        429 |        419 |       0 |   10 |  982 |      0 |      0 |    0 |          0 |
|         basex_pcs_pma_0_core                                                                                                                     |                           basex_pcs_pma_0_gig_ethernet_pcs_pma_v16_2_21 |        133 |        123 |       0 |   10 |  217 |      0 |      0 |    0 |          0 |
|           gpcs_pma_inst                                                                                                                          |                                            basex_pcs_pma_0_GPCS_PMA_GEN |        133 |        123 |       0 |   10 |  217 |      0 |      0 |    0 |          0 |
|             (gpcs_pma_inst)                                                                                                                      |                                            basex_pcs_pma_0_GPCS_PMA_GEN |         10 |          8 |       0 |    2 |   65 |      0 |      0 |    0 |          0 |
|             IS_2_5G_DISABLED_PRE_SHRINK.TRANSMITTER                                                                                              |                                                      basex_pcs_pma_0_TX |         46 |         46 |       0 |    0 |   51 |      0 |      0 |    0 |          0 |
|             MGT_RESET.SYNC_ASYNC_RESET                                                                                                           |                                        basex_pcs_pma_0_reset_sync_block |          0 |          0 |       0 |    0 |    6 |      0 |      0 |    0 |          0 |
|             RX_GMII_AT_TXOUTCLK.RECEIVER_TXOUTCLK                                                                                                |                                                      basex_pcs_pma_0_RX |         58 |         50 |       0 |    8 |   70 |      0 |      0 |    0 |          0 |
|             RX_GMII_AT_TXOUTCLK.SYNCHRONISATION                                                                                                  |                                             basex_pcs_pma_0_SYNCHRONISE |         20 |         20 |       0 |    0 |   19 |      0 |      0 |    0 |          0 |
|             SYNC_SIGNAL_DETECT                                                                                                                   |                                            basex_pcs_pma_0_sync_block_1 |          0 |          0 |       0 |    0 |    6 |      0 |      0 |    0 |          0 |
|         sync_block_reset_done                                                                                                                    |                                              basex_pcs_pma_0_sync_block |          0 |          0 |       0 |    0 |    6 |      0 |      0 |    0 |          0 |
|         transceiver_inst                                                                                                                         |                                             basex_pcs_pma_0_transceiver |        296 |        296 |       0 |    0 |  759 |      0 |      0 |    0 |          0 |
|           (transceiver_inst)                                                                                                                     |                                             basex_pcs_pma_0_transceiver |          9 |          9 |       0 |    0 |  126 |      0 |      0 |    0 |          0 |
|           basex_pcs_pma_0_gt_i                                                                                                                   |                                                      basex_pcs_pma_0_gt |        287 |        287 |       0 |    0 |  627 |      0 |      0 |    0 |          0 |
|             inst                                                                                                                                 |                                         basex_pcs_pma_0_gt_gtwizard_top |        287 |        287 |       0 |    0 |  627 |      0 |      0 |    0 |          0 |
|               gen_gtwizard_gthe4_top.basex_pcs_pma_0_gt_gtwizard_gthe4_inst                                                                      |                                       basex_pcs_pma_0_gt_gtwizard_gthe4 |        287 |        287 |       0 |    0 |  627 |      0 |      0 |    0 |          0 |
|                 gen_gtwizard_gthe4.gen_channel_container[2].gen_enabled_channel.gthe4_channel_wrapper_inst                                       |                                basex_pcs_pma_0_gt_gthe4_channel_wrapper |          0 |          0 |       0 |    0 |    0 |      0 |      0 |    0 |          0 |
|                   channel_inst                                                                                                                   |               basex_pcs_pma_0_gtwizard_ultrascale_v1_7_19_gthe4_channel |          0 |          0 |       0 |    0 |    0 |      0 |      0 |    0 |          0 |
|                 gen_gtwizard_gthe4.gen_cpll_cal_gthe4.gen_cpll_cal_inst[0].gen_inst_cpll_cal.gtwizard_ultrascale_v1_7_19_gthe4_cpll_cal_inst     |              basex_pcs_pma_0_gtwizard_ultrascale_v1_7_19_gthe4_cpll_cal |        200 |        200 |       0 |    0 |  414 |      0 |      0 |    0 |          0 |
|                   (gen_gtwizard_gthe4.gen_cpll_cal_gthe4.gen_cpll_cal_inst[0].gen_inst_cpll_cal.gtwizard_ultrascale_v1_7_19_gthe4_cpll_cal_inst) |              basex_pcs_pma_0_gtwizard_ultrascale_v1_7_19_gthe4_cpll_cal |          0 |          0 |       0 |    0 |    0 |      0 |      0 |    0 |          0 |
|                   bit_synchronizer_drprst_inst                                                                                                   |         basex_pcs_pma_0_gtwizard_ultrascale_v1_7_19_bit_synchronizer_19 |          0 |          0 |       0 |    0 |    5 |      0 |      0 |    0 |          0 |
|                   gtwizard_ultrascale_v1_7_19_gte4_drp_arb_i                                                                                     |                basex_pcs_pma_0_gtwizard_ultrascale_v1_7_19_gte4_drp_arb |         50 |         50 |       0 |    0 |  129 |      0 |      0 |    0 |          0 |
|                   gtwizard_ultrascale_v1_7_19_gthe4_cpll_cal_tx_i                                                                                |           basex_pcs_pma_0_gtwizard_ultrascale_v1_7_19_gthe4_cpll_cal_tx |        150 |        150 |       0 |    0 |  275 |      0 |      0 |    0 |          0 |
|                     (gtwizard_ultrascale_v1_7_19_gthe4_cpll_cal_tx_i)                                                                            |           basex_pcs_pma_0_gtwizard_ultrascale_v1_7_19_gthe4_cpll_cal_tx |         96 |         96 |       0 |    0 |  168 |      0 |      0 |    0 |          0 |
|                     U_TXOUTCLK_FREQ_COUNTER                                                                                                      | basex_pcs_pma_0_gtwizard_ultrascale_v1_7_19_gthe4_cpll_cal_freq_counter |         44 |         44 |       0 |    0 |   77 |      0 |      0 |    0 |          0 |
|                       (U_TXOUTCLK_FREQ_COUNTER)                                                                                                  | basex_pcs_pma_0_gtwizard_ultrascale_v1_7_19_gthe4_cpll_cal_freq_counter |         44 |         44 |       0 |    0 |   72 |      0 |      0 |    0 |          0 |
|                       reset_synchronizer_testclk_rst_inst                                                                                        |       basex_pcs_pma_0_gtwizard_ultrascale_v1_7_19_reset_synchronizer_28 |          0 |          0 |       0 |    0 |    5 |      0 |      0 |    0 |          0 |
|                     bit_synchronizer_cplllock_inst                                                                                               |         basex_pcs_pma_0_gtwizard_ultrascale_v1_7_19_bit_synchronizer_22 |          1 |          1 |       0 |    0 |    5 |      0 |      0 |    0 |          0 |
|                     bit_synchronizer_txoutclksel_inst0                                                                                           |         basex_pcs_pma_0_gtwizard_ultrascale_v1_7_19_bit_synchronizer_23 |          1 |          1 |       0 |    0 |    5 |      0 |      0 |    0 |          0 |
|                     bit_synchronizer_txoutclksel_inst1                                                                                           |         basex_pcs_pma_0_gtwizard_ultrascale_v1_7_19_bit_synchronizer_24 |          1 |          1 |       0 |    0 |    5 |      0 |      0 |    0 |          0 |
|                     bit_synchronizer_txoutclksel_inst2                                                                                           |         basex_pcs_pma_0_gtwizard_ultrascale_v1_7_19_bit_synchronizer_25 |          1 |          1 |       0 |    0 |    5 |      0 |      0 |    0 |          0 |
|                     bit_synchronizer_txprgdivresetdone_inst                                                                                      |         basex_pcs_pma_0_gtwizard_ultrascale_v1_7_19_bit_synchronizer_26 |          6 |          6 |       0 |    0 |    5 |      0 |      0 |    0 |          0 |
|                     bit_synchronizer_txprogdivreset_inst                                                                                         |         basex_pcs_pma_0_gtwizard_ultrascale_v1_7_19_bit_synchronizer_27 |          1 |          1 |       0 |    0 |    5 |      0 |      0 |    0 |          0 |
|                   reset_synchronizer_resetin_tx_inst                                                                                             |       basex_pcs_pma_0_gtwizard_ultrascale_v1_7_19_reset_synchronizer_21 |          0 |          0 |       0 |    0 |    5 |      0 |      0 |    0 |          0 |
|                 gen_gtwizard_gthe4.gen_pwrgood_delay_inst[0].delay_powergood_inst                                                                |       basex_pcs_pma_0_gtwizard_ultrascale_v1_7_19_gthe4_delay_powergood |          3 |          3 |       0 |    0 |   15 |      0 |      0 |    0 |          0 |
|                 gen_gtwizard_gthe4.gen_reset_controller_internal.gen_single_instance.gen_ch_xrd[0].bit_synchronizer_rxresetdone_inst             |            basex_pcs_pma_0_gtwizard_ultrascale_v1_7_19_bit_synchronizer |          0 |          0 |       0 |    0 |    5 |      0 |      0 |    0 |          0 |
|                 gen_gtwizard_gthe4.gen_reset_controller_internal.gen_single_instance.gen_ch_xrd[0].bit_synchronizer_txresetdone_inst             |          basex_pcs_pma_0_gtwizard_ultrascale_v1_7_19_bit_synchronizer_0 |          0 |          0 |       0 |    0 |    5 |      0 |      0 |    0 |          0 |
|                 gen_gtwizard_gthe4.gen_reset_controller_internal.gen_single_instance.gtwiz_reset_inst                                            |                 basex_pcs_pma_0_gtwizard_ultrascale_v1_7_19_gtwiz_reset |         84 |         84 |       0 |    0 |  188 |      0 |      0 |    0 |          0 |
|                   (gen_gtwizard_gthe4.gen_reset_controller_internal.gen_single_instance.gtwiz_reset_inst)                                        |                 basex_pcs_pma_0_gtwizard_ultrascale_v1_7_19_gtwiz_reset |         56 |         56 |       0 |    0 |   88 |      0 |      0 |    0 |          0 |
|                   bit_synchronizer_gtpowergood_inst                                                                                              |          basex_pcs_pma_0_gtwizard_ultrascale_v1_7_19_bit_synchronizer_1 |          1 |          1 |       0 |    0 |    5 |      0 |      0 |    0 |          0 |
|                   bit_synchronizer_gtwiz_reset_rx_datapath_dly_inst                                                                              |          basex_pcs_pma_0_gtwizard_ultrascale_v1_7_19_bit_synchronizer_2 |          0 |          0 |       0 |    0 |    5 |      0 |      0 |    0 |          0 |
|                   bit_synchronizer_gtwiz_reset_rx_pll_and_datapath_dly_inst                                                                      |          basex_pcs_pma_0_gtwizard_ultrascale_v1_7_19_bit_synchronizer_3 |          2 |          2 |       0 |    0 |    5 |      0 |      0 |    0 |          0 |
|                   bit_synchronizer_gtwiz_reset_tx_datapath_dly_inst                                                                              |          basex_pcs_pma_0_gtwizard_ultrascale_v1_7_19_bit_synchronizer_4 |          0 |          0 |       0 |    0 |    5 |      0 |      0 |    0 |          0 |
|                   bit_synchronizer_gtwiz_reset_tx_pll_and_datapath_dly_inst                                                                      |          basex_pcs_pma_0_gtwizard_ultrascale_v1_7_19_bit_synchronizer_5 |          2 |          2 |       0 |    0 |    5 |      0 |      0 |    0 |          0 |
|                   bit_synchronizer_gtwiz_reset_userclk_rx_active_inst                                                                            |          basex_pcs_pma_0_gtwizard_ultrascale_v1_7_19_bit_synchronizer_6 |          4 |          4 |       0 |    0 |    5 |      0 |      0 |    0 |          0 |
|                   bit_synchronizer_gtwiz_reset_userclk_tx_active_inst                                                                            |          basex_pcs_pma_0_gtwizard_ultrascale_v1_7_19_bit_synchronizer_7 |          4 |          4 |       0 |    0 |    5 |      0 |      0 |    0 |          0 |
|                   bit_synchronizer_plllock_rx_inst                                                                                               |          basex_pcs_pma_0_gtwizard_ultrascale_v1_7_19_bit_synchronizer_8 |          4 |          4 |       0 |    0 |    5 |      0 |      0 |    0 |          0 |
|                   bit_synchronizer_plllock_tx_inst                                                                                               |          basex_pcs_pma_0_gtwizard_ultrascale_v1_7_19_bit_synchronizer_9 |          5 |          5 |       0 |    0 |    5 |      0 |      0 |    0 |          0 |
|                   bit_synchronizer_rxcdrlock_inst                                                                                                |         basex_pcs_pma_0_gtwizard_ultrascale_v1_7_19_bit_synchronizer_10 |          3 |          3 |       0 |    0 |    5 |      0 |      0 |    0 |          0 |
|                   reset_synchronizer_gtwiz_reset_all_inst                                                                                        |          basex_pcs_pma_0_gtwizard_ultrascale_v1_7_19_reset_synchronizer |          0 |          0 |       0 |    0 |    5 |      0 |      0 |    0 |          0 |
|                   reset_synchronizer_gtwiz_reset_rx_any_inst                                                                                     |       basex_pcs_pma_0_gtwizard_ultrascale_v1_7_19_reset_synchronizer_11 |          2 |          2 |       0 |    0 |    5 |      0 |      0 |    0 |          0 |
|                   reset_synchronizer_gtwiz_reset_rx_datapath_inst                                                                                |       basex_pcs_pma_0_gtwizard_ultrascale_v1_7_19_reset_synchronizer_12 |          1 |          1 |       0 |    0 |    5 |      0 |      0 |    0 |          0 |
|                   reset_synchronizer_gtwiz_reset_rx_pll_and_datapath_inst                                                                        |       basex_pcs_pma_0_gtwizard_ultrascale_v1_7_19_reset_synchronizer_13 |          0 |          0 |       0 |    0 |    5 |      0 |      0 |    0 |          0 |
|                   reset_synchronizer_gtwiz_reset_tx_any_inst                                                                                     |       basex_pcs_pma_0_gtwizard_ultrascale_v1_7_19_reset_synchronizer_14 |          2 |          2 |       0 |    0 |    5 |      0 |      0 |    0 |          0 |
|                   reset_synchronizer_gtwiz_reset_tx_datapath_inst                                                                                |       basex_pcs_pma_0_gtwizard_ultrascale_v1_7_19_reset_synchronizer_15 |          0 |          0 |       0 |    0 |    5 |      0 |      0 |    0 |          0 |
|                   reset_synchronizer_gtwiz_reset_tx_pll_and_datapath_inst                                                                        |       basex_pcs_pma_0_gtwizard_ultrascale_v1_7_19_reset_synchronizer_16 |          0 |          0 |       0 |    0 |    5 |      0 |      0 |    0 |          0 |
|                   reset_synchronizer_rx_done_inst                                                                                                |      basex_pcs_pma_0_gtwizard_ultrascale_v1_7_19_reset_inv_synchronizer |          0 |          0 |       0 |    0 |    5 |      0 |      0 |    0 |          0 |
|                   reset_synchronizer_tx_done_inst                                                                                                |   basex_pcs_pma_0_gtwizard_ultrascale_v1_7_19_reset_inv_synchronizer_17 |          0 |          0 |       0 |    0 |    5 |      0 |      0 |    0 |          0 |
|                   reset_synchronizer_txprogdivreset_inst                                                                                         |       basex_pcs_pma_0_gtwizard_ultrascale_v1_7_19_reset_synchronizer_18 |          0 |          0 |       0 |    0 |    5 |      0 |      0 |    0 |          0 |
|           reclock_encommaalign                                                                                                                   |                                              basex_pcs_pma_0_reset_sync |          0 |          0 |       0 |    0 |    6 |      0 |      0 |    0 |          0 |
|   sfp_phy.sfp1_pcspma                                                                                                                            |                                                         basex_pcs_pma_1 |        430 |        420 |       0 |   10 |  982 |      0 |      0 |    0 |          0 |
|     inst                                                                                                                                         |                                                   basex_pcs_pma_1_block |        430 |        420 |       0 |   10 |  982 |      0 |      0 |    0 |          0 |
|       basex_pcs_pma_1_core                                                                                                                       |                           basex_pcs_pma_1_gig_ethernet_pcs_pma_v16_2_21 |        133 |        123 |       0 |   10 |  217 |      0 |      0 |    0 |          0 |
|         gpcs_pma_inst                                                                                                                            |                                            basex_pcs_pma_1_GPCS_PMA_GEN |        133 |        123 |       0 |   10 |  217 |      0 |      0 |    0 |          0 |
|           (gpcs_pma_inst)                                                                                                                        |                                            basex_pcs_pma_1_GPCS_PMA_GEN |         10 |          8 |       0 |    2 |   65 |      0 |      0 |    0 |          0 |
|           IS_2_5G_DISABLED_PRE_SHRINK.TRANSMITTER                                                                                                |                                                      basex_pcs_pma_1_TX |         46 |         46 |       0 |    0 |   51 |      0 |      0 |    0 |          0 |
|           MGT_RESET.SYNC_ASYNC_RESET                                                                                                             |                                        basex_pcs_pma_1_reset_sync_block |          0 |          0 |       0 |    0 |    6 |      0 |      0 |    0 |          0 |
|           RX_GMII_AT_TXOUTCLK.RECEIVER_TXOUTCLK                                                                                                  |                                                      basex_pcs_pma_1_RX |         58 |         50 |       0 |    8 |   70 |      0 |      0 |    0 |          0 |
|           RX_GMII_AT_TXOUTCLK.SYNCHRONISATION                                                                                                    |                                             basex_pcs_pma_1_SYNCHRONISE |         20 |         20 |       0 |    0 |   19 |      0 |      0 |    0 |          0 |
|           SYNC_SIGNAL_DETECT                                                                                                                     |                                            basex_pcs_pma_1_sync_block_1 |          0 |          0 |       0 |    0 |    6 |      0 |      0 |    0 |          0 |
|       sync_block_reset_done                                                                                                                      |                                              basex_pcs_pma_1_sync_block |          0 |          0 |       0 |    0 |    6 |      0 |      0 |    0 |          0 |
|       transceiver_inst                                                                                                                           |                                             basex_pcs_pma_1_transceiver |        297 |        297 |       0 |    0 |  759 |      0 |      0 |    0 |          0 |
|         (transceiver_inst)                                                                                                                       |                                             basex_pcs_pma_1_transceiver |          9 |          9 |       0 |    0 |  126 |      0 |      0 |    0 |          0 |
|         basex_pcs_pma_1_gt_i                                                                                                                     |                                                      basex_pcs_pma_1_gt |        288 |        288 |       0 |    0 |  627 |      0 |      0 |    0 |          0 |
|           inst                                                                                                                                   |                                         basex_pcs_pma_1_gt_gtwizard_top |        288 |        288 |       0 |    0 |  627 |      0 |      0 |    0 |          0 |
|             gen_gtwizard_gthe4_top.basex_pcs_pma_1_gt_gtwizard_gthe4_inst                                                                        |                                       basex_pcs_pma_1_gt_gtwizard_gthe4 |        288 |        288 |       0 |    0 |  627 |      0 |      0 |    0 |          0 |
|               gen_gtwizard_gthe4.gen_channel_container[2].gen_enabled_channel.gthe4_channel_wrapper_inst                                         |                                basex_pcs_pma_1_gt_gthe4_channel_wrapper |          0 |          0 |       0 |    0 |    0 |      0 |      0 |    0 |          0 |
|                 channel_inst                                                                                                                     |               basex_pcs_pma_1_gtwizard_ultrascale_v1_7_19_gthe4_channel |          0 |          0 |       0 |    0 |    0 |      0 |      0 |    0 |          0 |
|               gen_gtwizard_gthe4.gen_cpll_cal_gthe4.gen_cpll_cal_inst[0].gen_inst_cpll_cal.gtwizard_ultrascale_v1_7_19_gthe4_cpll_cal_inst       |              basex_pcs_pma_1_gtwizard_ultrascale_v1_7_19_gthe4_cpll_cal |        200 |        200 |       0 |    0 |  414 |      0 |      0 |    0 |          0 |
|                 (gen_gtwizard_gthe4.gen_cpll_cal_gthe4.gen_cpll_cal_inst[0].gen_inst_cpll_cal.gtwizard_ultrascale_v1_7_19_gthe4_cpll_cal_inst)   |              basex_pcs_pma_1_gtwizard_ultrascale_v1_7_19_gthe4_cpll_cal |          0 |          0 |       0 |    0 |    0 |      0 |      0 |    0 |          0 |
|                 bit_synchronizer_drprst_inst                                                                                                     |         basex_pcs_pma_1_gtwizard_ultrascale_v1_7_19_bit_synchronizer_19 |          0 |          0 |       0 |    0 |    5 |      0 |      0 |    0 |          0 |
|                 gtwizard_ultrascale_v1_7_19_gte4_drp_arb_i                                                                                       |                basex_pcs_pma_1_gtwizard_ultrascale_v1_7_19_gte4_drp_arb |         50 |         50 |       0 |    0 |  129 |      0 |      0 |    0 |          0 |
|                 gtwizard_ultrascale_v1_7_19_gthe4_cpll_cal_tx_i                                                                                  |           basex_pcs_pma_1_gtwizard_ultrascale_v1_7_19_gthe4_cpll_cal_tx |        150 |        150 |       0 |    0 |  275 |      0 |      0 |    0 |          0 |
|                   (gtwizard_ultrascale_v1_7_19_gthe4_cpll_cal_tx_i)                                                                              |           basex_pcs_pma_1_gtwizard_ultrascale_v1_7_19_gthe4_cpll_cal_tx |         96 |         96 |       0 |    0 |  168 |      0 |      0 |    0 |          0 |
|                   U_TXOUTCLK_FREQ_COUNTER                                                                                                        | basex_pcs_pma_1_gtwizard_ultrascale_v1_7_19_gthe4_cpll_cal_freq_counter |         43 |         43 |       0 |    0 |   77 |      0 |      0 |    0 |          0 |
|                     (U_TXOUTCLK_FREQ_COUNTER)                                                                                                    | basex_pcs_pma_1_gtwizard_ultrascale_v1_7_19_gthe4_cpll_cal_freq_counter |         43 |         43 |       0 |    0 |   72 |      0 |      0 |    0 |          0 |
|                     reset_synchronizer_testclk_rst_inst                                                                                          |       basex_pcs_pma_1_gtwizard_ultrascale_v1_7_19_reset_synchronizer_28 |          0 |          0 |       0 |    0 |    5 |      0 |      0 |    0 |          0 |
|                   bit_synchronizer_cplllock_inst                                                                                                 |         basex_pcs_pma_1_gtwizard_ultrascale_v1_7_19_bit_synchronizer_22 |          1 |          1 |       0 |    0 |    5 |      0 |      0 |    0 |          0 |
|                   bit_synchronizer_txoutclksel_inst0                                                                                             |         basex_pcs_pma_1_gtwizard_ultrascale_v1_7_19_bit_synchronizer_23 |          1 |          1 |       0 |    0 |    5 |      0 |      0 |    0 |          0 |
|                   bit_synchronizer_txoutclksel_inst1                                                                                             |         basex_pcs_pma_1_gtwizard_ultrascale_v1_7_19_bit_synchronizer_24 |          1 |          1 |       0 |    0 |    5 |      0 |      0 |    0 |          0 |
|                   bit_synchronizer_txoutclksel_inst2                                                                                             |         basex_pcs_pma_1_gtwizard_ultrascale_v1_7_19_bit_synchronizer_25 |          1 |          1 |       0 |    0 |    5 |      0 |      0 |    0 |          0 |
|                   bit_synchronizer_txprgdivresetdone_inst                                                                                        |         basex_pcs_pma_1_gtwizard_ultrascale_v1_7_19_bit_synchronizer_26 |          6 |          6 |       0 |    0 |    5 |      0 |      0 |    0 |          0 |
|                   bit_synchronizer_txprogdivreset_inst                                                                                           |         basex_pcs_pma_1_gtwizard_ultrascale_v1_7_19_bit_synchronizer_27 |          1 |          1 |       0 |    0 |    5 |      0 |      0 |    0 |          0 |
|                 reset_synchronizer_resetin_tx_inst                                                                                               |       basex_pcs_pma_1_gtwizard_ultrascale_v1_7_19_reset_synchronizer_21 |          0 |          0 |       0 |    0 |    5 |      0 |      0 |    0 |          0 |
|               gen_gtwizard_gthe4.gen_pwrgood_delay_inst[0].delay_powergood_inst                                                                  |       basex_pcs_pma_1_gtwizard_ultrascale_v1_7_19_gthe4_delay_powergood |          3 |          3 |       0 |    0 |   15 |      0 |      0 |    0 |          0 |
|               gen_gtwizard_gthe4.gen_reset_controller_internal.gen_single_instance.gen_ch_xrd[0].bit_synchronizer_rxresetdone_inst               |            basex_pcs_pma_1_gtwizard_ultrascale_v1_7_19_bit_synchronizer |          0 |          0 |       0 |    0 |    5 |      0 |      0 |    0 |          0 |
|               gen_gtwizard_gthe4.gen_reset_controller_internal.gen_single_instance.gen_ch_xrd[0].bit_synchronizer_txresetdone_inst               |          basex_pcs_pma_1_gtwizard_ultrascale_v1_7_19_bit_synchronizer_0 |          0 |          0 |       0 |    0 |    5 |      0 |      0 |    0 |          0 |
|               gen_gtwizard_gthe4.gen_reset_controller_internal.gen_single_instance.gtwiz_reset_inst                                              |                 basex_pcs_pma_1_gtwizard_ultrascale_v1_7_19_gtwiz_reset |         85 |         85 |       0 |    0 |  188 |      0 |      0 |    0 |          0 |
|                 (gen_gtwizard_gthe4.gen_reset_controller_internal.gen_single_instance.gtwiz_reset_inst)                                          |                 basex_pcs_pma_1_gtwizard_ultrascale_v1_7_19_gtwiz_reset |         57 |         57 |       0 |    0 |   88 |      0 |      0 |    0 |          0 |
|                 bit_synchronizer_gtpowergood_inst                                                                                                |          basex_pcs_pma_1_gtwizard_ultrascale_v1_7_19_bit_synchronizer_1 |          1 |          1 |       0 |    0 |    5 |      0 |      0 |    0 |          0 |
|                 bit_synchronizer_gtwiz_reset_rx_datapath_dly_inst                                                                                |          basex_pcs_pma_1_gtwizard_ultrascale_v1_7_19_bit_synchronizer_2 |          0 |          0 |       0 |    0 |    5 |      0 |      0 |    0 |          0 |
|                 bit_synchronizer_gtwiz_reset_rx_pll_and_datapath_dly_inst                                                                        |          basex_pcs_pma_1_gtwizard_ultrascale_v1_7_19_bit_synchronizer_3 |          2 |          2 |       0 |    0 |    5 |      0 |      0 |    0 |          0 |
|                 bit_synchronizer_gtwiz_reset_tx_datapath_dly_inst                                                                                |          basex_pcs_pma_1_gtwizard_ultrascale_v1_7_19_bit_synchronizer_4 |          0 |          0 |       0 |    0 |    5 |      0 |      0 |    0 |          0 |
|                 bit_synchronizer_gtwiz_reset_tx_pll_and_datapath_dly_inst                                                                        |          basex_pcs_pma_1_gtwizard_ultrascale_v1_7_19_bit_synchronizer_5 |          2 |          2 |       0 |    0 |    5 |      0 |      0 |    0 |          0 |
|                 bit_synchronizer_gtwiz_reset_userclk_rx_active_inst                                                                              |          basex_pcs_pma_1_gtwizard_ultrascale_v1_7_19_bit_synchronizer_6 |          4 |          4 |       0 |    0 |    5 |      0 |      0 |    0 |          0 |
|                 bit_synchronizer_gtwiz_reset_userclk_tx_active_inst                                                                              |          basex_pcs_pma_1_gtwizard_ultrascale_v1_7_19_bit_synchronizer_7 |          4 |          4 |       0 |    0 |    5 |      0 |      0 |    0 |          0 |
|                 bit_synchronizer_plllock_rx_inst                                                                                                 |          basex_pcs_pma_1_gtwizard_ultrascale_v1_7_19_bit_synchronizer_8 |          4 |          4 |       0 |    0 |    5 |      0 |      0 |    0 |          0 |
|                 bit_synchronizer_plllock_tx_inst                                                                                                 |          basex_pcs_pma_1_gtwizard_ultrascale_v1_7_19_bit_synchronizer_9 |          5 |          5 |       0 |    0 |    5 |      0 |      0 |    0 |          0 |
|                 bit_synchronizer_rxcdrlock_inst                                                                                                  |         basex_pcs_pma_1_gtwizard_ultrascale_v1_7_19_bit_synchronizer_10 |          3 |          3 |       0 |    0 |    5 |      0 |      0 |    0 |          0 |
|                 reset_synchronizer_gtwiz_reset_all_inst                                                                                          |          basex_pcs_pma_1_gtwizard_ultrascale_v1_7_19_reset_synchronizer |          0 |          0 |       0 |    0 |    5 |      0 |      0 |    0 |          0 |
|                 reset_synchronizer_gtwiz_reset_rx_any_inst                                                                                       |       basex_pcs_pma_1_gtwizard_ultrascale_v1_7_19_reset_synchronizer_11 |          2 |          2 |       0 |    0 |    5 |      0 |      0 |    0 |          0 |
|                 reset_synchronizer_gtwiz_reset_rx_datapath_inst                                                                                  |       basex_pcs_pma_1_gtwizard_ultrascale_v1_7_19_reset_synchronizer_12 |          1 |          1 |       0 |    0 |    5 |      0 |      0 |    0 |          0 |
|                 reset_synchronizer_gtwiz_reset_rx_pll_and_datapath_inst                                                                          |       basex_pcs_pma_1_gtwizard_ultrascale_v1_7_19_reset_synchronizer_13 |          0 |          0 |       0 |    0 |    5 |      0 |      0 |    0 |          0 |
|                 reset_synchronizer_gtwiz_reset_tx_any_inst                                                                                       |       basex_pcs_pma_1_gtwizard_ultrascale_v1_7_19_reset_synchronizer_14 |          2 |          2 |       0 |    0 |    5 |      0 |      0 |    0 |          0 |
|                 reset_synchronizer_gtwiz_reset_tx_datapath_inst                                                                                  |       basex_pcs_pma_1_gtwizard_ultrascale_v1_7_19_reset_synchronizer_15 |          0 |          0 |       0 |    0 |    5 |      0 |      0 |    0 |          0 |
|                 reset_synchronizer_gtwiz_reset_tx_pll_and_datapath_inst                                                                          |       basex_pcs_pma_1_gtwizard_ultrascale_v1_7_19_reset_synchronizer_16 |          0 |          0 |       0 |    0 |    5 |      0 |      0 |    0 |          0 |
|                 reset_synchronizer_rx_done_inst                                                                                                  |      basex_pcs_pma_1_gtwizard_ultrascale_v1_7_19_reset_inv_synchronizer |          0 |          0 |       0 |    0 |    5 |      0 |      0 |    0 |          0 |
|                 reset_synchronizer_tx_done_inst                                                                                                  |   basex_pcs_pma_1_gtwizard_ultrascale_v1_7_19_reset_inv_synchronizer_17 |          0 |          0 |       0 |    0 |    5 |      0 |      0 |    0 |          0 |
|                 reset_synchronizer_txprogdivreset_inst                                                                                           |       basex_pcs_pma_1_gtwizard_ultrascale_v1_7_19_reset_synchronizer_18 |          0 |          0 |       0 |    0 |    5 |      0 |      0 |    0 |          0 |
|         reclock_encommaalign                                                                                                                     |                                              basex_pcs_pma_1_reset_sync |          0 |          0 |       0 |    0 |    6 |      0 |      0 |    0 |          0 |
|   sfp_phy.sync_reset_sfp0_inst                                                                                                                   |                                                         taxi_sync_reset |          4 |          4 |       0 |    0 |    4 |      0 |      0 |    0 |          0 |
|   sfp_phy.sync_reset_sfp1_inst                                                                                                                   |                                                       taxi_sync_reset_0 |          5 |          5 |       0 |    0 |    4 |      0 |      0 |    0 |          0 |
|   sync_reset_125mhz_inst                                                                                                                         |                                                       taxi_sync_reset_1 |          6 |          6 |       0 |    0 |    4 |      0 |      0 |    0 |          0 |
|   sync_signal_inst                                                                                                                               |                                                        taxi_sync_signal |          0 |          0 |       0 |    0 |    2 |      0 |      0 |    0 |          0 |
+--------------------------------------------------------------------------------------------------------------------------------------------------+-------------------------------------------------------------------------+------------+------------+---------+------+------+--------+--------+------+------------+
* Note: The sum of lower-level cells may be larger than their parent cells total, due to cross-hierarchy LUT combining


