Copyright 1986-2022 Xilinx, Inc. All Rights Reserved. Copyright 2022-2024 Advanced Micro Devices, Inc. All Rights Reserved.
--------------------------------------------------------------------------------------------------------------------------------------------------
| Tool Version : Vivado v.2024.2 (win64) Build 5239630 Fri Nov 08 22:35:27 MST 2024
| Date         : Fri May  2 03:46:12 2025
| Host         : Lisa running 64-bit major release  (build 9200)
| Command      : report_methodology -file fpga_methodology_drc_routed.rpt -pb fpga_methodology_drc_routed.pb -rpx fpga_methodology_drc_routed.rpx
| Design       : fpga
| Device       : xczu7ev-ffvc1156-2-e
| Speed File   : -2
| Design State : Fully Routed
--------------------------------------------------------------------------------------------------------------------------------------------------

Report Methodology

Table of Contents
-----------------
1. REPORT SUMMARY
2. REPORT DETAILS

1. REPORT SUMMARY
-----------------
            Netlist: netlist
          Floorplan: design_1
      Design limits: <entire design considered>
             Max checks: <unlimited>
             Checks found: 40
+---------+----------+------------------------------------------+--------+
| Rule    | Severity | Description                              | Checks |
+---------+----------+------------------------------------------+--------+
| LUTAR-1 | Warning  | LUT drives async reset alert             | 12     |
| XDCH-2  | Warning  | Same min and max delay values on IO port | 28     |
+---------+----------+------------------------------------------+--------+

2. REPORT DETAILS
-----------------
LUTAR-1#1 Warning
LUT drives async reset alert  
LUT cell sfp_phy.sfp0_pcspma/inst/pcs_pma_block_i/transceiver_inst/basex_pcs_pma_0_gt_i/inst/gen_gtwizard_gthe4_top.basex_pcs_pma_0_gt_gtwizard_gthe4_inst/gen_gtwizard_gthe4.gen_reset_controller_internal.gen_single_instance.gtwiz_reset_inst/reset_synchronizer_gtwiz_reset_rx_any_inst/rst_in_meta_i_1, with 2 or more inputs, drives asynchronous preset/clear pin(s) sfp_phy.sfp0_pcspma/inst/pcs_pma_block_i/transceiver_inst/basex_pcs_pma_0_gt_i/inst/gen_gtwizard_gthe4_top.basex_pcs_pma_0_gt_gtwizard_gthe4_inst/gen_gtwizard_gthe4.gen_reset_controller_internal.gen_single_instance.gtwiz_reset_inst/reset_synchronizer_gtwiz_reset_rx_any_inst/rst_in_meta_reg/PRE,
sfp_phy.sfp0_pcspma/inst/pcs_pma_block_i/transceiver_inst/basex_pcs_pma_0_gt_i/inst/gen_gtwizard_gthe4_top.basex_pcs_pma_0_gt_gtwizard_gthe4_inst/gen_gtwizard_gthe4.gen_reset_controller_internal.gen_single_instance.gtwiz_reset_inst/reset_synchronizer_gtwiz_reset_rx_any_inst/rst_in_out_reg/PRE,
sfp_phy.sfp0_pcspma/inst/pcs_pma_block_i/transceiver_inst/basex_pcs_pma_0_gt_i/inst/gen_gtwizard_gthe4_top.basex_pcs_pma_0_gt_gtwizard_gthe4_inst/gen_gtwizard_gthe4.gen_reset_controller_internal.gen_single_instance.gtwiz_reset_inst/reset_synchronizer_gtwiz_reset_rx_any_inst/rst_in_sync1_reg/PRE,
sfp_phy.sfp0_pcspma/inst/pcs_pma_block_i/transceiver_inst/basex_pcs_pma_0_gt_i/inst/gen_gtwizard_gthe4_top.basex_pcs_pma_0_gt_gtwizard_gthe4_inst/gen_gtwizard_gthe4.gen_reset_controller_internal.gen_single_instance.gtwiz_reset_inst/reset_synchronizer_gtwiz_reset_rx_any_inst/rst_in_sync2_reg/PRE
sfp_phy.sfp0_pcspma/inst/pcs_pma_block_i/transceiver_inst/basex_pcs_pma_0_gt_i/inst/gen_gtwizard_gthe4_top.basex_pcs_pma_0_gt_gtwizard_gthe4_inst/gen_gtwizard_gthe4.gen_reset_controller_internal.gen_single_instance.gtwiz_reset_inst/reset_synchronizer_gtwiz_reset_rx_any_inst/rst_in_sync3_reg/PRE. The LUT may glitch and trigger an unexpected reset, even if it is a properly timed path.
Related violations: <none>

LUTAR-1#2 Warning
LUT drives async reset alert  
LUT cell sfp_phy.sfp0_pcspma/inst/pcs_pma_block_i/transceiver_inst/basex_pcs_pma_0_gt_i/inst/gen_gtwizard_gthe4_top.basex_pcs_pma_0_gt_gtwizard_gthe4_inst/gen_gtwizard_gthe4.gen_reset_controller_internal.gen_single_instance.gtwiz_reset_inst/reset_synchronizer_gtwiz_reset_rx_datapath_inst/rst_in_meta_i_1__0, with 2 or more inputs, drives asynchronous preset/clear pin(s) sfp_phy.sfp0_pcspma/inst/pcs_pma_block_i/transceiver_inst/basex_pcs_pma_0_gt_i/inst/gen_gtwizard_gthe4_top.basex_pcs_pma_0_gt_gtwizard_gthe4_inst/gen_gtwizard_gthe4.gen_reset_controller_internal.gen_single_instance.gtwiz_reset_inst/reset_synchronizer_gtwiz_reset_rx_datapath_inst/rst_in_meta_reg/PRE,
sfp_phy.sfp0_pcspma/inst/pcs_pma_block_i/transceiver_inst/basex_pcs_pma_0_gt_i/inst/gen_gtwizard_gthe4_top.basex_pcs_pma_0_gt_gtwizard_gthe4_inst/gen_gtwizard_gthe4.gen_reset_controller_internal.gen_single_instance.gtwiz_reset_inst/reset_synchronizer_gtwiz_reset_rx_datapath_inst/rst_in_out_reg/PRE,
sfp_phy.sfp0_pcspma/inst/pcs_pma_block_i/transceiver_inst/basex_pcs_pma_0_gt_i/inst/gen_gtwizard_gthe4_top.basex_pcs_pma_0_gt_gtwizard_gthe4_inst/gen_gtwizard_gthe4.gen_reset_controller_internal.gen_single_instance.gtwiz_reset_inst/reset_synchronizer_gtwiz_reset_rx_datapath_inst/rst_in_sync1_reg/PRE,
sfp_phy.sfp0_pcspma/inst/pcs_pma_block_i/transceiver_inst/basex_pcs_pma_0_gt_i/inst/gen_gtwizard_gthe4_top.basex_pcs_pma_0_gt_gtwizard_gthe4_inst/gen_gtwizard_gthe4.gen_reset_controller_internal.gen_single_instance.gtwiz_reset_inst/reset_synchronizer_gtwiz_reset_rx_datapath_inst/rst_in_sync2_reg/PRE
sfp_phy.sfp0_pcspma/inst/pcs_pma_block_i/transceiver_inst/basex_pcs_pma_0_gt_i/inst/gen_gtwizard_gthe4_top.basex_pcs_pma_0_gt_gtwizard_gthe4_inst/gen_gtwizard_gthe4.gen_reset_controller_internal.gen_single_instance.gtwiz_reset_inst/reset_synchronizer_gtwiz_reset_rx_datapath_inst/rst_in_sync3_reg/PRE. The LUT may glitch and trigger an unexpected reset, even if it is a properly timed path.
Related violations: <none>

LUTAR-1#3 Warning
LUT drives async reset alert  
LUT cell sfp_phy.sfp0_pcspma/inst/pcs_pma_block_i/transceiver_inst/basex_pcs_pma_0_gt_i/inst/gen_gtwizard_gthe4_top.basex_pcs_pma_0_gt_gtwizard_gthe4_inst/gen_gtwizard_gthe4.gen_reset_controller_internal.gen_single_instance.gtwiz_reset_inst/reset_synchronizer_gtwiz_reset_tx_any_inst/rst_in_meta_i_1__1, with 2 or more inputs, drives asynchronous preset/clear pin(s) sfp_phy.sfp0_pcspma/inst/pcs_pma_block_i/transceiver_inst/basex_pcs_pma_0_gt_i/inst/gen_gtwizard_gthe4_top.basex_pcs_pma_0_gt_gtwizard_gthe4_inst/gen_gtwizard_gthe4.gen_reset_controller_internal.gen_single_instance.gtwiz_reset_inst/reset_synchronizer_gtwiz_reset_tx_any_inst/rst_in_meta_reg/PRE,
sfp_phy.sfp0_pcspma/inst/pcs_pma_block_i/transceiver_inst/basex_pcs_pma_0_gt_i/inst/gen_gtwizard_gthe4_top.basex_pcs_pma_0_gt_gtwizard_gthe4_inst/gen_gtwizard_gthe4.gen_reset_controller_internal.gen_single_instance.gtwiz_reset_inst/reset_synchronizer_gtwiz_reset_tx_any_inst/rst_in_out_reg/PRE,
sfp_phy.sfp0_pcspma/inst/pcs_pma_block_i/transceiver_inst/basex_pcs_pma_0_gt_i/inst/gen_gtwizard_gthe4_top.basex_pcs_pma_0_gt_gtwizard_gthe4_inst/gen_gtwizard_gthe4.gen_reset_controller_internal.gen_single_instance.gtwiz_reset_inst/reset_synchronizer_gtwiz_reset_tx_any_inst/rst_in_sync1_reg/PRE,
sfp_phy.sfp0_pcspma/inst/pcs_pma_block_i/transceiver_inst/basex_pcs_pma_0_gt_i/inst/gen_gtwizard_gthe4_top.basex_pcs_pma_0_gt_gtwizard_gthe4_inst/gen_gtwizard_gthe4.gen_reset_controller_internal.gen_single_instance.gtwiz_reset_inst/reset_synchronizer_gtwiz_reset_tx_any_inst/rst_in_sync2_reg/PRE
sfp_phy.sfp0_pcspma/inst/pcs_pma_block_i/transceiver_inst/basex_pcs_pma_0_gt_i/inst/gen_gtwizard_gthe4_top.basex_pcs_pma_0_gt_gtwizard_gthe4_inst/gen_gtwizard_gthe4.gen_reset_controller_internal.gen_single_instance.gtwiz_reset_inst/reset_synchronizer_gtwiz_reset_tx_any_inst/rst_in_sync3_reg/PRE. The LUT may glitch and trigger an unexpected reset, even if it is a properly timed path.
Related violations: <none>

LUTAR-1#4 Warning
LUT drives async reset alert  
LUT cell sfp_phy.sfp0_pcspma/inst/pcs_pma_block_i/transceiver_inst/basex_pcs_pma_0_gt_i/inst/gen_gtwizard_gthe4_top.basex_pcs_pma_0_gt_gtwizard_gthe4_inst/gen_gtwizard_gthe4.gen_reset_controller_internal.gen_single_instance.gtwiz_reset_inst/rst_in_meta_i_1__2, with 2 or more inputs, drives asynchronous preset/clear pin(s) sfp_phy.sfp0_pcspma/inst/pcs_pma_block_i/transceiver_inst/basex_pcs_pma_0_gt_i/inst/gen_gtwizard_gthe4_top.basex_pcs_pma_0_gt_gtwizard_gthe4_inst/gen_gtwizard_gthe4.gen_cpll_cal_gthe4.gen_cpll_cal_inst[0].gen_inst_cpll_cal.gtwizard_ultrascale_v1_7_19_gthe4_cpll_cal_inst/reset_synchronizer_resetin_tx_inst/rst_in_meta_reg/PRE,
sfp_phy.sfp0_pcspma/inst/pcs_pma_block_i/transceiver_inst/basex_pcs_pma_0_gt_i/inst/gen_gtwizard_gthe4_top.basex_pcs_pma_0_gt_gtwizard_gthe4_inst/gen_gtwizard_gthe4.gen_cpll_cal_gthe4.gen_cpll_cal_inst[0].gen_inst_cpll_cal.gtwizard_ultrascale_v1_7_19_gthe4_cpll_cal_inst/reset_synchronizer_resetin_tx_inst/rst_in_out_reg/PRE,
sfp_phy.sfp0_pcspma/inst/pcs_pma_block_i/transceiver_inst/basex_pcs_pma_0_gt_i/inst/gen_gtwizard_gthe4_top.basex_pcs_pma_0_gt_gtwizard_gthe4_inst/gen_gtwizard_gthe4.gen_cpll_cal_gthe4.gen_cpll_cal_inst[0].gen_inst_cpll_cal.gtwizard_ultrascale_v1_7_19_gthe4_cpll_cal_inst/reset_synchronizer_resetin_tx_inst/rst_in_sync1_reg/PRE,
sfp_phy.sfp0_pcspma/inst/pcs_pma_block_i/transceiver_inst/basex_pcs_pma_0_gt_i/inst/gen_gtwizard_gthe4_top.basex_pcs_pma_0_gt_gtwizard_gthe4_inst/gen_gtwizard_gthe4.gen_cpll_cal_gthe4.gen_cpll_cal_inst[0].gen_inst_cpll_cal.gtwizard_ultrascale_v1_7_19_gthe4_cpll_cal_inst/reset_synchronizer_resetin_tx_inst/rst_in_sync2_reg/PRE
sfp_phy.sfp0_pcspma/inst/pcs_pma_block_i/transceiver_inst/basex_pcs_pma_0_gt_i/inst/gen_gtwizard_gthe4_top.basex_pcs_pma_0_gt_gtwizard_gthe4_inst/gen_gtwizard_gthe4.gen_cpll_cal_gthe4.gen_cpll_cal_inst[0].gen_inst_cpll_cal.gtwizard_ultrascale_v1_7_19_gthe4_cpll_cal_inst/reset_synchronizer_resetin_tx_inst/rst_in_sync3_reg/PRE. The LUT may glitch and trigger an unexpected reset, even if it is a properly timed path.
Related violations: <none>

LUTAR-1#5 Warning
LUT drives async reset alert  
LUT cell sfp_phy.sfp0_pcspma/inst/pcs_pma_block_i/transceiver_inst/basex_pcs_pma_0_gt_i_i_1, with 2 or more inputs, drives asynchronous preset/clear pin(s) sfp_phy.sfp0_pcspma/inst/pcs_pma_block_i/transceiver_inst/basex_pcs_pma_0_gt_i/inst/gen_gtwizard_gthe4_top.basex_pcs_pma_0_gt_gtwizard_gthe4_inst/gen_gtwizard_gthe4.gen_reset_controller_internal.gen_single_instance.gtwiz_reset_inst/reset_synchronizer_gtwiz_reset_tx_datapath_inst/rst_in_meta_reg/PRE,
sfp_phy.sfp0_pcspma/inst/pcs_pma_block_i/transceiver_inst/basex_pcs_pma_0_gt_i/inst/gen_gtwizard_gthe4_top.basex_pcs_pma_0_gt_gtwizard_gthe4_inst/gen_gtwizard_gthe4.gen_reset_controller_internal.gen_single_instance.gtwiz_reset_inst/reset_synchronizer_gtwiz_reset_tx_datapath_inst/rst_in_out_reg/PRE,
sfp_phy.sfp0_pcspma/inst/pcs_pma_block_i/transceiver_inst/basex_pcs_pma_0_gt_i/inst/gen_gtwizard_gthe4_top.basex_pcs_pma_0_gt_gtwizard_gthe4_inst/gen_gtwizard_gthe4.gen_reset_controller_internal.gen_single_instance.gtwiz_reset_inst/reset_synchronizer_gtwiz_reset_tx_datapath_inst/rst_in_sync1_reg/PRE,
sfp_phy.sfp0_pcspma/inst/pcs_pma_block_i/transceiver_inst/basex_pcs_pma_0_gt_i/inst/gen_gtwizard_gthe4_top.basex_pcs_pma_0_gt_gtwizard_gthe4_inst/gen_gtwizard_gthe4.gen_reset_controller_internal.gen_single_instance.gtwiz_reset_inst/reset_synchronizer_gtwiz_reset_tx_datapath_inst/rst_in_sync2_reg/PRE
sfp_phy.sfp0_pcspma/inst/pcs_pma_block_i/transceiver_inst/basex_pcs_pma_0_gt_i/inst/gen_gtwizard_gthe4_top.basex_pcs_pma_0_gt_gtwizard_gthe4_inst/gen_gtwizard_gthe4.gen_reset_controller_internal.gen_single_instance.gtwiz_reset_inst/reset_synchronizer_gtwiz_reset_tx_datapath_inst/rst_in_sync3_reg/PRE. The LUT may glitch and trigger an unexpected reset, even if it is a properly timed path.
Related violations: <none>

LUTAR-1#6 Warning
LUT drives async reset alert  
LUT cell sfp_phy.sfp1_pcspma/inst/transceiver_inst/basex_pcs_pma_1_gt_i/inst/gen_gtwizard_gthe4_top.basex_pcs_pma_1_gt_gtwizard_gthe4_inst/gen_gtwizard_gthe4.gen_reset_controller_internal.gen_single_instance.gtwiz_reset_inst/reset_synchronizer_gtwiz_reset_rx_any_inst/rst_in_meta_i_1, with 2 or more inputs, drives asynchronous preset/clear pin(s) sfp_phy.sfp1_pcspma/inst/transceiver_inst/basex_pcs_pma_1_gt_i/inst/gen_gtwizard_gthe4_top.basex_pcs_pma_1_gt_gtwizard_gthe4_inst/gen_gtwizard_gthe4.gen_reset_controller_internal.gen_single_instance.gtwiz_reset_inst/reset_synchronizer_gtwiz_reset_rx_any_inst/rst_in_meta_reg/PRE,
sfp_phy.sfp1_pcspma/inst/transceiver_inst/basex_pcs_pma_1_gt_i/inst/gen_gtwizard_gthe4_top.basex_pcs_pma_1_gt_gtwizard_gthe4_inst/gen_gtwizard_gthe4.gen_reset_controller_internal.gen_single_instance.gtwiz_reset_inst/reset_synchronizer_gtwiz_reset_rx_any_inst/rst_in_out_reg/PRE,
sfp_phy.sfp1_pcspma/inst/transceiver_inst/basex_pcs_pma_1_gt_i/inst/gen_gtwizard_gthe4_top.basex_pcs_pma_1_gt_gtwizard_gthe4_inst/gen_gtwizard_gthe4.gen_reset_controller_internal.gen_single_instance.gtwiz_reset_inst/reset_synchronizer_gtwiz_reset_rx_any_inst/rst_in_sync1_reg/PRE,
sfp_phy.sfp1_pcspma/inst/transceiver_inst/basex_pcs_pma_1_gt_i/inst/gen_gtwizard_gthe4_top.basex_pcs_pma_1_gt_gtwizard_gthe4_inst/gen_gtwizard_gthe4.gen_reset_controller_internal.gen_single_instance.gtwiz_reset_inst/reset_synchronizer_gtwiz_reset_rx_any_inst/rst_in_sync2_reg/PRE
sfp_phy.sfp1_pcspma/inst/transceiver_inst/basex_pcs_pma_1_gt_i/inst/gen_gtwizard_gthe4_top.basex_pcs_pma_1_gt_gtwizard_gthe4_inst/gen_gtwizard_gthe4.gen_reset_controller_internal.gen_single_instance.gtwiz_reset_inst/reset_synchronizer_gtwiz_reset_rx_any_inst/rst_in_sync3_reg/PRE. The LUT may glitch and trigger an unexpected reset, even if it is a properly timed path.
Related violations: <none>

LUTAR-1#7 Warning
LUT drives async reset alert  
LUT cell sfp_phy.sfp1_pcspma/inst/transceiver_inst/basex_pcs_pma_1_gt_i/inst/gen_gtwizard_gthe4_top.basex_pcs_pma_1_gt_gtwizard_gthe4_inst/gen_gtwizard_gthe4.gen_reset_controller_internal.gen_single_instance.gtwiz_reset_inst/reset_synchronizer_gtwiz_reset_rx_datapath_inst/rst_in_meta_i_1__0, with 2 or more inputs, drives asynchronous preset/clear pin(s) sfp_phy.sfp1_pcspma/inst/transceiver_inst/basex_pcs_pma_1_gt_i/inst/gen_gtwizard_gthe4_top.basex_pcs_pma_1_gt_gtwizard_gthe4_inst/gen_gtwizard_gthe4.gen_reset_controller_internal.gen_single_instance.gtwiz_reset_inst/reset_synchronizer_gtwiz_reset_rx_datapath_inst/rst_in_meta_reg/PRE,
sfp_phy.sfp1_pcspma/inst/transceiver_inst/basex_pcs_pma_1_gt_i/inst/gen_gtwizard_gthe4_top.basex_pcs_pma_1_gt_gtwizard_gthe4_inst/gen_gtwizard_gthe4.gen_reset_controller_internal.gen_single_instance.gtwiz_reset_inst/reset_synchronizer_gtwiz_reset_rx_datapath_inst/rst_in_out_reg/PRE,
sfp_phy.sfp1_pcspma/inst/transceiver_inst/basex_pcs_pma_1_gt_i/inst/gen_gtwizard_gthe4_top.basex_pcs_pma_1_gt_gtwizard_gthe4_inst/gen_gtwizard_gthe4.gen_reset_controller_internal.gen_single_instance.gtwiz_reset_inst/reset_synchronizer_gtwiz_reset_rx_datapath_inst/rst_in_sync1_reg/PRE,
sfp_phy.sfp1_pcspma/inst/transceiver_inst/basex_pcs_pma_1_gt_i/inst/gen_gtwizard_gthe4_top.basex_pcs_pma_1_gt_gtwizard_gthe4_inst/gen_gtwizard_gthe4.gen_reset_controller_internal.gen_single_instance.gtwiz_reset_inst/reset_synchronizer_gtwiz_reset_rx_datapath_inst/rst_in_sync2_reg/PRE
sfp_phy.sfp1_pcspma/inst/transceiver_inst/basex_pcs_pma_1_gt_i/inst/gen_gtwizard_gthe4_top.basex_pcs_pma_1_gt_gtwizard_gthe4_inst/gen_gtwizard_gthe4.gen_reset_controller_internal.gen_single_instance.gtwiz_reset_inst/reset_synchronizer_gtwiz_reset_rx_datapath_inst/rst_in_sync3_reg/PRE. The LUT may glitch and trigger an unexpected reset, even if it is a properly timed path.
Related violations: <none>

LUTAR-1#8 Warning
LUT drives async reset alert  
LUT cell sfp_phy.sfp1_pcspma/inst/transceiver_inst/basex_pcs_pma_1_gt_i/inst/gen_gtwizard_gthe4_top.basex_pcs_pma_1_gt_gtwizard_gthe4_inst/gen_gtwizard_gthe4.gen_reset_controller_internal.gen_single_instance.gtwiz_reset_inst/reset_synchronizer_gtwiz_reset_tx_any_inst/rst_in_meta_i_1__1, with 2 or more inputs, drives asynchronous preset/clear pin(s) sfp_phy.sfp1_pcspma/inst/transceiver_inst/basex_pcs_pma_1_gt_i/inst/gen_gtwizard_gthe4_top.basex_pcs_pma_1_gt_gtwizard_gthe4_inst/gen_gtwizard_gthe4.gen_reset_controller_internal.gen_single_instance.gtwiz_reset_inst/reset_synchronizer_gtwiz_reset_tx_any_inst/rst_in_meta_reg/PRE,
sfp_phy.sfp1_pcspma/inst/transceiver_inst/basex_pcs_pma_1_gt_i/inst/gen_gtwizard_gthe4_top.basex_pcs_pma_1_gt_gtwizard_gthe4_inst/gen_gtwizard_gthe4.gen_reset_controller_internal.gen_single_instance.gtwiz_reset_inst/reset_synchronizer_gtwiz_reset_tx_any_inst/rst_in_out_reg/PRE,
sfp_phy.sfp1_pcspma/inst/transceiver_inst/basex_pcs_pma_1_gt_i/inst/gen_gtwizard_gthe4_top.basex_pcs_pma_1_gt_gtwizard_gthe4_inst/gen_gtwizard_gthe4.gen_reset_controller_internal.gen_single_instance.gtwiz_reset_inst/reset_synchronizer_gtwiz_reset_tx_any_inst/rst_in_sync1_reg/PRE,
sfp_phy.sfp1_pcspma/inst/transceiver_inst/basex_pcs_pma_1_gt_i/inst/gen_gtwizard_gthe4_top.basex_pcs_pma_1_gt_gtwizard_gthe4_inst/gen_gtwizard_gthe4.gen_reset_controller_internal.gen_single_instance.gtwiz_reset_inst/reset_synchronizer_gtwiz_reset_tx_any_inst/rst_in_sync2_reg/PRE
sfp_phy.sfp1_pcspma/inst/transceiver_inst/basex_pcs_pma_1_gt_i/inst/gen_gtwizard_gthe4_top.basex_pcs_pma_1_gt_gtwizard_gthe4_inst/gen_gtwizard_gthe4.gen_reset_controller_internal.gen_single_instance.gtwiz_reset_inst/reset_synchronizer_gtwiz_reset_tx_any_inst/rst_in_sync3_reg/PRE. The LUT may glitch and trigger an unexpected reset, even if it is a properly timed path.
Related violations: <none>

LUTAR-1#9 Warning
LUT drives async reset alert  
LUT cell sfp_phy.sfp1_pcspma/inst/transceiver_inst/basex_pcs_pma_1_gt_i/inst/gen_gtwizard_gthe4_top.basex_pcs_pma_1_gt_gtwizard_gthe4_inst/gen_gtwizard_gthe4.gen_reset_controller_internal.gen_single_instance.gtwiz_reset_inst/rst_in_meta_i_1__2, with 2 or more inputs, drives asynchronous preset/clear pin(s) sfp_phy.sfp1_pcspma/inst/transceiver_inst/basex_pcs_pma_1_gt_i/inst/gen_gtwizard_gthe4_top.basex_pcs_pma_1_gt_gtwizard_gthe4_inst/gen_gtwizard_gthe4.gen_cpll_cal_gthe4.gen_cpll_cal_inst[0].gen_inst_cpll_cal.gtwizard_ultrascale_v1_7_19_gthe4_cpll_cal_inst/reset_synchronizer_resetin_tx_inst/rst_in_meta_reg/PRE,
sfp_phy.sfp1_pcspma/inst/transceiver_inst/basex_pcs_pma_1_gt_i/inst/gen_gtwizard_gthe4_top.basex_pcs_pma_1_gt_gtwizard_gthe4_inst/gen_gtwizard_gthe4.gen_cpll_cal_gthe4.gen_cpll_cal_inst[0].gen_inst_cpll_cal.gtwizard_ultrascale_v1_7_19_gthe4_cpll_cal_inst/reset_synchronizer_resetin_tx_inst/rst_in_out_reg/PRE,
sfp_phy.sfp1_pcspma/inst/transceiver_inst/basex_pcs_pma_1_gt_i/inst/gen_gtwizard_gthe4_top.basex_pcs_pma_1_gt_gtwizard_gthe4_inst/gen_gtwizard_gthe4.gen_cpll_cal_gthe4.gen_cpll_cal_inst[0].gen_inst_cpll_cal.gtwizard_ultrascale_v1_7_19_gthe4_cpll_cal_inst/reset_synchronizer_resetin_tx_inst/rst_in_sync1_reg/PRE,
sfp_phy.sfp1_pcspma/inst/transceiver_inst/basex_pcs_pma_1_gt_i/inst/gen_gtwizard_gthe4_top.basex_pcs_pma_1_gt_gtwizard_gthe4_inst/gen_gtwizard_gthe4.gen_cpll_cal_gthe4.gen_cpll_cal_inst[0].gen_inst_cpll_cal.gtwizard_ultrascale_v1_7_19_gthe4_cpll_cal_inst/reset_synchronizer_resetin_tx_inst/rst_in_sync2_reg/PRE
sfp_phy.sfp1_pcspma/inst/transceiver_inst/basex_pcs_pma_1_gt_i/inst/gen_gtwizard_gthe4_top.basex_pcs_pma_1_gt_gtwizard_gthe4_inst/gen_gtwizard_gthe4.gen_cpll_cal_gthe4.gen_cpll_cal_inst[0].gen_inst_cpll_cal.gtwizard_ultrascale_v1_7_19_gthe4_cpll_cal_inst/reset_synchronizer_resetin_tx_inst/rst_in_sync3_reg/PRE. The LUT may glitch and trigger an unexpected reset, even if it is a properly timed path.
Related violations: <none>

LUTAR-1#10 Warning
LUT drives async reset alert  
LUT cell sfp_phy.sfp1_pcspma/inst/transceiver_inst/basex_pcs_pma_1_gt_i_i_1, with 2 or more inputs, drives asynchronous preset/clear pin(s) sfp_phy.sfp1_pcspma/inst/transceiver_inst/basex_pcs_pma_1_gt_i/inst/gen_gtwizard_gthe4_top.basex_pcs_pma_1_gt_gtwizard_gthe4_inst/gen_gtwizard_gthe4.gen_reset_controller_internal.gen_single_instance.gtwiz_reset_inst/reset_synchronizer_gtwiz_reset_tx_datapath_inst/rst_in_meta_reg/PRE,
sfp_phy.sfp1_pcspma/inst/transceiver_inst/basex_pcs_pma_1_gt_i/inst/gen_gtwizard_gthe4_top.basex_pcs_pma_1_gt_gtwizard_gthe4_inst/gen_gtwizard_gthe4.gen_reset_controller_internal.gen_single_instance.gtwiz_reset_inst/reset_synchronizer_gtwiz_reset_tx_datapath_inst/rst_in_out_reg/PRE,
sfp_phy.sfp1_pcspma/inst/transceiver_inst/basex_pcs_pma_1_gt_i/inst/gen_gtwizard_gthe4_top.basex_pcs_pma_1_gt_gtwizard_gthe4_inst/gen_gtwizard_gthe4.gen_reset_controller_internal.gen_single_instance.gtwiz_reset_inst/reset_synchronizer_gtwiz_reset_tx_datapath_inst/rst_in_sync1_reg/PRE,
sfp_phy.sfp1_pcspma/inst/transceiver_inst/basex_pcs_pma_1_gt_i/inst/gen_gtwizard_gthe4_top.basex_pcs_pma_1_gt_gtwizard_gthe4_inst/gen_gtwizard_gthe4.gen_reset_controller_internal.gen_single_instance.gtwiz_reset_inst/reset_synchronizer_gtwiz_reset_tx_datapath_inst/rst_in_sync2_reg/PRE
sfp_phy.sfp1_pcspma/inst/transceiver_inst/basex_pcs_pma_1_gt_i/inst/gen_gtwizard_gthe4_top.basex_pcs_pma_1_gt_gtwizard_gthe4_inst/gen_gtwizard_gthe4.gen_reset_controller_internal.gen_single_instance.gtwiz_reset_inst/reset_synchronizer_gtwiz_reset_tx_datapath_inst/rst_in_sync3_reg/PRE. The LUT may glitch and trigger an unexpected reset, even if it is a properly timed path.
Related violations: <none>

LUTAR-1#11 Warning
LUT drives async reset alert  
LUT cell sync_reset_125mhz_inst/sync_reg[3]_i_1, with 2 or more inputs, drives asynchronous preset/clear pin(s) sfp_phy.sync_reset_sfp0_inst/sync_reg_reg[0]/PRE,
sfp_phy.sync_reset_sfp0_inst/sync_reg_reg[1]/PRE,
sfp_phy.sync_reset_sfp0_inst/sync_reg_reg[2]/PRE
sfp_phy.sync_reset_sfp0_inst/sync_reg_reg[3]/PRE. The LUT may glitch and trigger an unexpected reset, even if it is a properly timed path.
Related violations: <none>

LUTAR-1#12 Warning
LUT drives async reset alert  
LUT cell sync_reset_125mhz_inst/sync_reg[3]_i_1__0, with 2 or more inputs, drives asynchronous preset/clear pin(s) sfp_phy.sync_reset_sfp1_inst/sync_reg_reg[0]/PRE,
sfp_phy.sync_reset_sfp1_inst/sync_reg_reg[1]/PRE,
sfp_phy.sync_reset_sfp1_inst/sync_reg_reg[2]/PRE
sfp_phy.sync_reset_sfp1_inst/sync_reg_reg[3]/PRE. The LUT may glitch and trigger an unexpected reset, even if it is a properly timed path.
Related violations: <none>

XDCH-2#1 Warning
Same min and max delay values on IO port  
The same input delay of 0.000 ns has been defined on port 'btnc' for both max and min. Make sure this reflects the design intent.
set_input_delay 0.000 [get_ports {btnu btnl btnd btnr btnc}]
C:/Users/leezz/OneDrive/taxi/example/ZCU106/fpga/fpga.xdc (Line: 48)
Related violations: <none>

XDCH-2#2 Warning
Same min and max delay values on IO port  
The same input delay of 0.000 ns has been defined on port 'btnd' for both max and min. Make sure this reflects the design intent.
set_input_delay 0.000 [get_ports {btnu btnl btnd btnr btnc}]
C:/Users/leezz/OneDrive/taxi/example/ZCU106/fpga/fpga.xdc (Line: 48)
Related violations: <none>

XDCH-2#3 Warning
Same min and max delay values on IO port  
The same input delay of 0.000 ns has been defined on port 'btnl' for both max and min. Make sure this reflects the design intent.
set_input_delay 0.000 [get_ports {btnu btnl btnd btnr btnc}]
C:/Users/leezz/OneDrive/taxi/example/ZCU106/fpga/fpga.xdc (Line: 48)
Related violations: <none>

XDCH-2#4 Warning
Same min and max delay values on IO port  
The same input delay of 0.000 ns has been defined on port 'btnr' for both max and min. Make sure this reflects the design intent.
set_input_delay 0.000 [get_ports {btnu btnl btnd btnr btnc}]
C:/Users/leezz/OneDrive/taxi/example/ZCU106/fpga/fpga.xdc (Line: 48)
Related violations: <none>

XDCH-2#5 Warning
Same min and max delay values on IO port  
The same input delay of 0.000 ns has been defined on port 'btnu' for both max and min. Make sure this reflects the design intent.
set_input_delay 0.000 [get_ports {btnu btnl btnd btnr btnc}]
C:/Users/leezz/OneDrive/taxi/example/ZCU106/fpga/fpga.xdc (Line: 48)
Related violations: <none>

XDCH-2#6 Warning
Same min and max delay values on IO port  
The same input delay of 0.000 ns has been defined on port 'reset' for both max and min. Make sure this reflects the design intent.
set_input_delay 0.000 [get_ports reset]
C:/Users/leezz/OneDrive/taxi/example/ZCU106/fpga/fpga.xdc (Line: 38)
Related violations: <none>

XDCH-2#7 Warning
Same min and max delay values on IO port  
The same input delay of 0.000 ns has been defined on port 'sw[0]' for both max and min. Make sure this reflects the design intent.
set_input_delay 0.000 [get_ports {sw[*]}]
C:/Users/leezz/OneDrive/taxi/example/ZCU106/fpga/fpga.xdc (Line: 61)
Related violations: <none>

XDCH-2#8 Warning
Same min and max delay values on IO port  
The same input delay of 0.000 ns has been defined on port 'sw[1]' for both max and min. Make sure this reflects the design intent.
set_input_delay 0.000 [get_ports {sw[*]}]
C:/Users/leezz/OneDrive/taxi/example/ZCU106/fpga/fpga.xdc (Line: 61)
Related violations: <none>

XDCH-2#9 Warning
Same min and max delay values on IO port  
The same input delay of 0.000 ns has been defined on port 'sw[2]' for both max and min. Make sure this reflects the design intent.
set_input_delay 0.000 [get_ports {sw[*]}]
C:/Users/leezz/OneDrive/taxi/example/ZCU106/fpga/fpga.xdc (Line: 61)
Related violations: <none>

XDCH-2#10 Warning
Same min and max delay values on IO port  
The same input delay of 0.000 ns has been defined on port 'sw[3]' for both max and min. Make sure this reflects the design intent.
set_input_delay 0.000 [get_ports {sw[*]}]
C:/Users/leezz/OneDrive/taxi/example/ZCU106/fpga/fpga.xdc (Line: 61)
Related violations: <none>

XDCH-2#11 Warning
Same min and max delay values on IO port  
The same input delay of 0.000 ns has been defined on port 'sw[4]' for both max and min. Make sure this reflects the design intent.
set_input_delay 0.000 [get_ports {sw[*]}]
C:/Users/leezz/OneDrive/taxi/example/ZCU106/fpga/fpga.xdc (Line: 61)
Related violations: <none>

XDCH-2#12 Warning
Same min and max delay values on IO port  
The same input delay of 0.000 ns has been defined on port 'sw[5]' for both max and min. Make sure this reflects the design intent.
set_input_delay 0.000 [get_ports {sw[*]}]
C:/Users/leezz/OneDrive/taxi/example/ZCU106/fpga/fpga.xdc (Line: 61)
Related violations: <none>

XDCH-2#13 Warning
Same min and max delay values on IO port  
The same input delay of 0.000 ns has been defined on port 'sw[6]' for both max and min. Make sure this reflects the design intent.
set_input_delay 0.000 [get_ports {sw[*]}]
C:/Users/leezz/OneDrive/taxi/example/ZCU106/fpga/fpga.xdc (Line: 61)
Related violations: <none>

XDCH-2#14 Warning
Same min and max delay values on IO port  
The same input delay of 0.000 ns has been defined on port 'sw[7]' for both max and min. Make sure this reflects the design intent.
set_input_delay 0.000 [get_ports {sw[*]}]
C:/Users/leezz/OneDrive/taxi/example/ZCU106/fpga/fpga.xdc (Line: 61)
Related violations: <none>

XDCH-2#15 Warning
Same min and max delay values on IO port  
The same input delay of 0.000 ns has been defined on port 'uart_rts' for both max and min. Make sure this reflects the design intent.
set_input_delay 0.000 [get_ports {uart_rxd uart_rts}]
C:/Users/leezz/OneDrive/taxi/example/ZCU106/fpga/fpga.xdc (Line: 113)
Related violations: <none>

XDCH-2#16 Warning
Same min and max delay values on IO port  
The same input delay of 0.000 ns has been defined on port 'uart_rxd' for both max and min. Make sure this reflects the design intent.
set_input_delay 0.000 [get_ports {uart_rxd uart_rts}]
C:/Users/leezz/OneDrive/taxi/example/ZCU106/fpga/fpga.xdc (Line: 113)
Related violations: <none>

XDCH-2#17 Warning
Same min and max delay values on IO port  
The same output delay of 0.000 ns has been defined on port 'led[0]' for both max and min. Make sure this reflects the design intent.
set_output_delay 0.000 [get_ports {led[*]}]
C:/Users/leezz/OneDrive/taxi/example/ZCU106/fpga/fpga.xdc (Line: 32)
Related violations: <none>

XDCH-2#18 Warning
Same min and max delay values on IO port  
The same output delay of 0.000 ns has been defined on port 'led[1]' for both max and min. Make sure this reflects the design intent.
set_output_delay 0.000 [get_ports {led[*]}]
C:/Users/leezz/OneDrive/taxi/example/ZCU106/fpga/fpga.xdc (Line: 32)
Related violations: <none>

XDCH-2#19 Warning
Same min and max delay values on IO port  
The same output delay of 0.000 ns has been defined on port 'led[2]' for both max and min. Make sure this reflects the design intent.
set_output_delay 0.000 [get_ports {led[*]}]
C:/Users/leezz/OneDrive/taxi/example/ZCU106/fpga/fpga.xdc (Line: 32)
Related violations: <none>

XDCH-2#20 Warning
Same min and max delay values on IO port  
The same output delay of 0.000 ns has been defined on port 'led[3]' for both max and min. Make sure this reflects the design intent.
set_output_delay 0.000 [get_ports {led[*]}]
C:/Users/leezz/OneDrive/taxi/example/ZCU106/fpga/fpga.xdc (Line: 32)
Related violations: <none>

XDCH-2#21 Warning
Same min and max delay values on IO port  
The same output delay of 0.000 ns has been defined on port 'led[4]' for both max and min. Make sure this reflects the design intent.
set_output_delay 0.000 [get_ports {led[*]}]
C:/Users/leezz/OneDrive/taxi/example/ZCU106/fpga/fpga.xdc (Line: 32)
Related violations: <none>

XDCH-2#22 Warning
Same min and max delay values on IO port  
The same output delay of 0.000 ns has been defined on port 'led[5]' for both max and min. Make sure this reflects the design intent.
set_output_delay 0.000 [get_ports {led[*]}]
C:/Users/leezz/OneDrive/taxi/example/ZCU106/fpga/fpga.xdc (Line: 32)
Related violations: <none>

XDCH-2#23 Warning
Same min and max delay values on IO port  
The same output delay of 0.000 ns has been defined on port 'led[6]' for both max and min. Make sure this reflects the design intent.
set_output_delay 0.000 [get_ports {led[*]}]
C:/Users/leezz/OneDrive/taxi/example/ZCU106/fpga/fpga.xdc (Line: 32)
Related violations: <none>

XDCH-2#24 Warning
Same min and max delay values on IO port  
The same output delay of 0.000 ns has been defined on port 'led[7]' for both max and min. Make sure this reflects the design intent.
set_output_delay 0.000 [get_ports {led[*]}]
C:/Users/leezz/OneDrive/taxi/example/ZCU106/fpga/fpga.xdc (Line: 32)
Related violations: <none>

XDCH-2#25 Warning
Same min and max delay values on IO port  
The same output delay of 0.000 ns has been defined on port 'sfp_tx_disable_b[0]' for both max and min. Make sure this reflects the design intent.
set_output_delay 0.000 [get_ports {sfp_tx_disable_b[*]}]
C:/Users/leezz/OneDrive/taxi/example/ZCU106/fpga/fpga.xdc (Line: 148)
Related violations: <none>

XDCH-2#26 Warning
Same min and max delay values on IO port  
The same output delay of 0.000 ns has been defined on port 'sfp_tx_disable_b[1]' for both max and min. Make sure this reflects the design intent.
set_output_delay 0.000 [get_ports {sfp_tx_disable_b[*]}]
C:/Users/leezz/OneDrive/taxi/example/ZCU106/fpga/fpga.xdc (Line: 148)
Related violations: <none>

XDCH-2#27 Warning
Same min and max delay values on IO port  
The same output delay of 0.000 ns has been defined on port 'uart_cts' for both max and min. Make sure this reflects the design intent.
set_output_delay 0.000 [get_ports {uart_txd uart_cts}]
C:/Users/leezz/OneDrive/taxi/example/ZCU106/fpga/fpga.xdc (Line: 111)
Related violations: <none>

XDCH-2#28 Warning
Same min and max delay values on IO port  
The same output delay of 0.000 ns has been defined on port 'uart_txd' for both max and min. Make sure this reflects the design intent.
set_output_delay 0.000 [get_ports {uart_txd uart_cts}]
C:/Users/leezz/OneDrive/taxi/example/ZCU106/fpga/fpga.xdc (Line: 111)
Related violations: <none>


